******************************************************************************
                  MSP430 Linker PC v16.9.6                     
******************************************************************************
>> Linked Fri Mar 09 15:05:55 2018

OUTPUT FILE NAME:   <codemsp2231.out>
ENTRY POINT SYMBOL: "_c_int00_noargs_noexit"  address: 0000fc68


MEMORY CONFIGURATION

         name            origin    length      used     unused   attr    fill
----------------------  --------  ---------  --------  --------  ----  --------
  SFR                   00000000   00000010  00000000  00000010  RWIX
  PERIPHERALS_8BIT      00000010   000000f0  00000000  000000f0  RWIX
  PERIPHERALS_16BIT     00000100   00000100  00000000  00000100  RWIX
  RAM                   00000200   00000080  00000048  00000038  RWIX
  INFOD                 00001000   00000040  00000000  00000040  RWIX
  INFOC                 00001040   00000040  00000000  00000040  RWIX
  INFOB                 00001080   00000040  00000000  00000040  RWIX
  INFOA                 000010c0   00000040  00000000  00000040  RWIX
  FLASH                 0000f800   000007e0  00000658  00000188  RWIX
  INT00                 0000ffe0   00000002  00000000  00000002  RWIX
  INT01                 0000ffe2   00000002  00000000  00000002  RWIX
  INT02                 0000ffe4   00000002  00000002  00000000  RWIX
  INT03                 0000ffe6   00000002  00000002  00000000  RWIX
  INT04                 0000ffe8   00000002  00000002  00000000  RWIX
  INT05                 0000ffea   00000002  00000002  00000000  RWIX
  INT06                 0000ffec   00000002  00000000  00000002  RWIX
  INT07                 0000ffee   00000002  00000000  00000002  RWIX
  INT08                 0000fff0   00000002  00000002  00000000  RWIX
  INT09                 0000fff2   00000002  00000002  00000000  RWIX
  INT10                 0000fff4   00000002  00000002  00000000  RWIX
  INT11                 0000fff6   00000002  00000000  00000002  RWIX
  INT12                 0000fff8   00000002  00000000  00000002  RWIX
  INT13                 0000fffa   00000002  00000000  00000002  RWIX
  INT14                 0000fffc   00000002  00000002  00000000  RWIX
  RESET                 0000fffe   00000002  00000002  00000000  RWIX


SECTION ALLOCATION MAP

 output                                  attributes/
section   page    origin      length       input sections
--------  ----  ----------  ----------   ----------------
.bss       0    00000200    00000010     UNINITIALIZED
                  00000200    00000010     (.common:spirxtrame)

.data      0    00000210    00000006     UNINITIALIZED
                  00000210    00000004     main.obj (.data)
                  00000214    00000002     spi2231.obj (.data)

.stack     0    0000024c    00000032     UNINITIALIZED
                  0000024c    00000002     rts430_eabi.lib : boot.obj (.stack)
                  0000024e    00000030     --HOLE--

.text      0    0000f800    000004f2     
                  0000f800    000000b4     pwmservo.obj (.text:initpwmservo)
                  0000f8b4    0000007c     rts430_eabi.lib : copy_decompress_lzss.obj (.text:decompress:lzss:__TI_decompress_lzss)
                  0000f930    0000006e                     : autoinit.obj (.text:_auto_init)
                  0000f99e    00000068     util.obj (.text:slot)
                  0000fa06    0000005a     rts430_eabi.lib : cpy_tbl.obj (.text:copy_in)
                  0000fa60    00000052                     : atoi.obj (.text:atoi)
                  0000fab2    0000004c                     : lsr16.obj (.text)
                  0000fafe    00000042     spi2231.obj (.text:universal_serial_interface)
                  0000fb40    0000003c     util.obj (.text:delay)
                  0000fb7c    00000030     util.obj (.text:substringsemicolon)
                  0000fbac    0000002c     main.obj (.text:main)
                  0000fbd8    0000002c     rts430_eabi.lib : lsl16.obj (.text)
                  0000fc04    00000028     spi2231.obj (.text:anvilspi)
                  0000fc2c    0000001e     spi2231.obj (.text:ledparam)
                  0000fc4a    0000001e     util.obj (.text:raztrame)
                  0000fc68    0000001a     rts430_eabi.lib : boot_special.obj (.text:_c_int00_noargs_noexit)
                  0000fc82    00000014                     : copy_zero_init.obj (.text:decompress:ZI:__TI_zero_init)
                  0000fc96    00000014                     : mult16.obj (.text)
                  0000fcaa    00000012                     : copy_decompress_none.obj (.text:decompress:none:__TI_decompress_none)
                  0000fcbc    00000012                     : memcpy.obj (.text:memcpy)
                  0000fcce    00000010                     : epilog.obj (.text)
                  0000fcde    00000008                     : isr_trap.obj (.text:_isr:__TI_ISR_TRAP)
                  0000fce6    00000006                     : exit.obj (.text:abort)
                  0000fcec    00000004                     : pre_init.obj (.text:_system_pre_init)
                  0000fcf0    00000002                     : startup.obj (.text:_system_post_cinit)

.binit     0    0000f800    00000000     

.const     0    0000fcf2    0000014c     
                  0000fcf2    00000101     rts430_eabi.lib : ctype.obj (.const:.string:_ctypes_)
                  0000fdf3    00000001     --HOLE-- [fill = 0]
                  0000fdf4    0000004a     util.obj (.const:.string)

.cinit     0    0000fe3e    0000001a     
                  0000fe3e    00000007     (.cinit..data.load) [load image, compression = lzss]
                  0000fe45    00000001     --HOLE-- [fill = 0]
                  0000fe46    00000006     (__TI_handler_table)
                  0000fe4c    00000004     (.cinit..bss.load) [load image, compression = zero_init]
                  0000fe50    00000008     (__TI_cinit_table)

.init_array 
*          0    0000f800    00000000     UNINITIALIZED

PORT1      0    0000ffe4    00000002     
                  0000ffe4    00000002     rts430_eabi.lib : int02.obj (.int02)

PORT2      0    0000ffe6    00000002     
                  0000ffe6    00000002     rts430_eabi.lib : int03.obj (.int03)

USI        0    0000ffe8    00000002     
                  0000ffe8    00000002     spi2231.obj (.int04)

ADC10      0    0000ffea    00000002     
                  0000ffea    00000002     rts430_eabi.lib : int05.obj (.int05)

TIMERA1    0    0000fff0    00000002     
                  0000fff0    00000002     rts430_eabi.lib : int08.obj (.int08)

TIMERA0    0    0000fff2    00000002     
                  0000fff2    00000002     rts430_eabi.lib : int09.obj (.int09)

WDT        0    0000fff4    00000002     
                  0000fff4    00000002     rts430_eabi.lib : int10.obj (.int10)

NMI        0    0000fffc    00000002     
                  0000fffc    00000002     rts430_eabi.lib : int14.obj (.int14)

.reset     0    0000fffe    00000002     
                  0000fffe    00000002     rts430_eabi.lib : boot.obj (.reset)

MODULE SUMMARY

       Module                     code   ro data   rw data
       ------                     ----   -------   -------
    .\
       util.obj                   242    74        0      
       pwmservo.obj               180    0         0      
       spi2231.obj                136    2         18     
       main.obj                   44     0         4      
    +--+--------------------------+------+---------+---------+
       Total:                     602    76        22     
                                                          
    C:\ti\ccsv7\tools\compiler\ti-cgt-msp430_16.9.6.LTS\lib\rts430_eabi.lib
       ctype.obj                  0      257       0      
       copy_decompress_lzss.obj   124    0         0      
       autoinit.obj               110    0         0      
       cpy_tbl.obj                90     0         0      
       atoi.obj                   82     0         0      
       lsr16.obj                  76     0         0      
       lsl16.obj                  44     0         0      
       boot_special.obj           26     0         0      
       copy_zero_init.obj         20     0         0      
       mult16.obj                 20     0         0      
       copy_decompress_none.obj   18     0         0      
       memcpy.obj                 18     0         0      
       epilog.obj                 16     0         0      
       isr_trap.obj               8      0         0      
       exit.obj                   6      0         0      
       pre_init.obj               4      0         0      
       boot.obj                   0      2         0      
       int02.obj                  0      2         0      
       int03.obj                  0      2         0      
       int05.obj                  0      2         0      
       int08.obj                  0      2         0      
       int09.obj                  0      2         0      
       int10.obj                  0      2         0      
       int14.obj                  0      2         0      
       startup.obj                2      0         0      
    +--+--------------------------+------+---------+---------+
       Total:                     664    273       0      
                                                          
       Stack:                     0      0         50     
       Linker Generated:          0      25        0      
    +--+--------------------------+------+---------+---------+
       Grand Total:               1266   374       72     


LINKER GENERATED COPY TABLES

__TI_cinit_table @ 0000fe50 records: 2, size/record: 4, table size: 8
	.data: load addr=0000fe3e, load size=00000007 bytes, run addr=00000210, run size=00000006 bytes, compression=lzss
	.bss: load addr=0000fe4c, load size=00000004 bytes, run addr=00000200, run size=00000010 bytes, compression=zero_init


LINKER GENERATED HANDLER TABLE

__TI_handler_table @ 0000fe46 records: 3, size/record: 2, table size: 6
	index: 0, handler: __TI_zero_init
	index: 1, handler: __TI_decompress_lzss
	index: 2, handler: __TI_decompress_none


GLOBAL SYMBOLS: SORTED ALPHABETICALLY BY Name 

address   name                      
-------   ----                      
0000004a  ADC10AE0                  
000001b0  ADC10CTL0                 
000001b2  ADC10CTL1                 
00000048  ADC10DTC0                 
00000049  ADC10DTC1                 
000001b4  ADC10MEM                  
000001bc  ADC10SA                   
00000057  BCSCTL1                   
00000058  BCSCTL2                   
00000053  BCSCTL3                   
0000fce6  C$$EXIT                   
000010ff  CALBC1_1MHZ               
000010fe  CALDCO_1MHZ               
00000056  DCOCTL                    
00000128  FCTL1                     
0000012a  FCTL2                     
0000012c  FCTL3                     
00000000  IE1                       
00000002  IFG1                      
00000022  P1DIR                     
00000025  P1IE                      
00000024  P1IES                     
00000023  P1IFG                     
00000020  P1IN                      
00000021  P1OUT                     
00000027  P1REN                     
00000026  P1SEL                     
0000002a  P2DIR                     
0000002d  P2IE                      
0000002c  P2IES                     
0000002b  P2IFG                     
00000028  P2IN                      
00000029  P2OUT                     
0000002f  P2REN                     
0000002e  P2SEL                     
00000172  TACCR0                    
00000174  TACCR1                    
00000162  TACCTL0                   
00000164  TACCTL1                   
00000160  TACTL                     
0000012e  TAIV                      
00000170  TAR                       
0000007a  USICCTL                   
0000007a  USICKCTL                  
0000007b  USICNT                    
00000078  USICTL                    
00000078  USICTL0                   
00000079  USICTL1                   
0000007c  USISR                     
0000007d  USISRH                    
0000007c  USISRL                    
00000120  WDTCTL                    
0000027e  __STACK_END               
00000032  __STACK_SIZE              
UNDEFED   __TI_BINIT_Base           
UNDEFED   __TI_BINIT_Limit          
0000fe50  __TI_CINIT_Base           
0000fe58  __TI_CINIT_Limit          
0000fe46  __TI_Handler_Table_Base   
0000fe4c  __TI_Handler_Table_Limit  
UNDEFED   __TI_INITARRAY_Base       
UNDEFED   __TI_INITARRAY_Limit      
0000fcde  __TI_ISR_TRAP             
0000f8b4  __TI_decompress_lzss      
0000fcaa  __TI_decompress_none      
0000ffe4  __TI_int02                
0000ffe6  __TI_int03                
0000ffe8  __TI_int04                
0000ffea  __TI_int05                
0000fff0  __TI_int08                
0000fff2  __TI_int09                
0000fff4  __TI_int10                
0000fffc  __TI_int14                
ffffffff  __TI_pprof_out_hndl       
ffffffff  __TI_prof_data_size       
ffffffff  __TI_prof_data_start      
0000fc82  __TI_zero_init            
ffffffff  __c_args__                
0000fcda  __mspabi_func_epilog_1    
0000fcd8  __mspabi_func_epilog_2    
0000fcd6  __mspabi_func_epilog_3    
0000fcd4  __mspabi_func_epilog_4    
0000fcd2  __mspabi_func_epilog_5    
0000fcd0  __mspabi_func_epilog_6    
0000fcce  __mspabi_func_epilog_7    
0000fc96  __mspabi_mpyi             
0000fc96  __mspabi_mpyi_sw          
0000fbd8  __mspabi_slli             
0000fc00  __mspabi_slli_1           
0000fbee  __mspabi_slli_10          
0000fbec  __mspabi_slli_11          
0000fbea  __mspabi_slli_12          
0000fbe8  __mspabi_slli_13          
0000fbe6  __mspabi_slli_14          
0000fbe4  __mspabi_slli_15          
0000fbfe  __mspabi_slli_2           
0000fbfc  __mspabi_slli_3           
0000fbfa  __mspabi_slli_4           
0000fbf8  __mspabi_slli_5           
0000fbf6  __mspabi_slli_6           
0000fbf4  __mspabi_slli_7           
0000fbf2  __mspabi_slli_8           
0000fbf0  __mspabi_slli_9           
0000fab2  __mspabi_srli             
0000faf8  __mspabi_srli_1           
0000fad4  __mspabi_srli_10          
0000fad0  __mspabi_srli_11          
0000facc  __mspabi_srli_12          
0000fac8  __mspabi_srli_13          
0000fac4  __mspabi_srli_14          
0000fac0  __mspabi_srli_15          
0000faf4  __mspabi_srli_2           
0000faf0  __mspabi_srli_3           
0000faec  __mspabi_srli_4           
0000fae8  __mspabi_srli_5           
0000fae4  __mspabi_srli_6           
0000fae0  __mspabi_srli_7           
0000fadc  __mspabi_srli_8           
0000fad8  __mspabi_srli_9           
0000f930  _auto_init                
0000fc68  _c_int00_noargs_noexit    
0000fcf2  _ctypes_                  
0000fffe  _reset_vector             
0000024c  _stack                    
0000fcf0  _system_post_cinit        
0000fcec  _system_pre_init          
0000fce6  abort                     
0000fc04  anvilspi                  
0000fa60  atoi                      
0000fa06  copy_in                   
0000fb40  delay                     
00000212  etat                      
00000210  freq                      
0000f800  initpwmservo              
0000fc2c  ledparam                  
0000fbac  main                      
0000fcbc  memcpy                    
0000fc4a  raztrame                  
0000f99e  slot                      
00000214  spirxbuffer               
00000200  spirxtrame                
0000fb7c  substringsemicolon        
0000fafe  universal_serial_interface


GLOBAL SYMBOLS: SORTED BY Symbol Address 

address   name                      
-------   ----                      
00000000  IE1                       
00000002  IFG1                      
00000020  P1IN                      
00000021  P1OUT                     
00000022  P1DIR                     
00000023  P1IFG                     
00000024  P1IES                     
00000025  P1IE                      
00000026  P1SEL                     
00000027  P1REN                     
00000028  P2IN                      
00000029  P2OUT                     
0000002a  P2DIR                     
0000002b  P2IFG                     
0000002c  P2IES                     
0000002d  P2IE                      
0000002e  P2SEL                     
0000002f  P2REN                     
00000032  __STACK_SIZE              
00000048  ADC10DTC0                 
00000049  ADC10DTC1                 
0000004a  ADC10AE0                  
00000053  BCSCTL3                   
00000056  DCOCTL                    
00000057  BCSCTL1                   
00000058  BCSCTL2                   
00000078  USICTL                    
00000078  USICTL0                   
00000079  USICTL1                   
0000007a  USICCTL                   
0000007a  USICKCTL                  
0000007b  USICNT                    
0000007c  USISR                     
0000007c  USISRL                    
0000007d  USISRH                    
00000120  WDTCTL                    
00000128  FCTL1                     
0000012a  FCTL2                     
0000012c  FCTL3                     
0000012e  TAIV                      
00000160  TACTL                     
00000162  TACCTL0                   
00000164  TACCTL1                   
00000170  TAR                       
00000172  TACCR0                    
00000174  TACCR1                    
000001b0  ADC10CTL0                 
000001b2  ADC10CTL1                 
000001b4  ADC10MEM                  
000001bc  ADC10SA                   
00000200  spirxtrame                
00000210  freq                      
00000212  etat                      
00000214  spirxbuffer               
0000024c  _stack                    
0000027e  __STACK_END               
000010fe  CALDCO_1MHZ               
000010ff  CALBC1_1MHZ               
0000f800  initpwmservo              
0000f8b4  __TI_decompress_lzss      
0000f930  _auto_init                
0000f99e  slot                      
0000fa06  copy_in                   
0000fa60  atoi                      
0000fab2  __mspabi_srli             
0000fac0  __mspabi_srli_15          
0000fac4  __mspabi_srli_14          
0000fac8  __mspabi_srli_13          
0000facc  __mspabi_srli_12          
0000fad0  __mspabi_srli_11          
0000fad4  __mspabi_srli_10          
0000fad8  __mspabi_srli_9           
0000fadc  __mspabi_srli_8           
0000fae0  __mspabi_srli_7           
0000fae4  __mspabi_srli_6           
0000fae8  __mspabi_srli_5           
0000faec  __mspabi_srli_4           
0000faf0  __mspabi_srli_3           
0000faf4  __mspabi_srli_2           
0000faf8  __mspabi_srli_1           
0000fafe  universal_serial_interface
0000fb40  delay                     
0000fb7c  substringsemicolon        
0000fbac  main                      
0000fbd8  __mspabi_slli             
0000fbe4  __mspabi_slli_15          
0000fbe6  __mspabi_slli_14          
0000fbe8  __mspabi_slli_13          
0000fbea  __mspabi_slli_12          
0000fbec  __mspabi_slli_11          
0000fbee  __mspabi_slli_10          
0000fbf0  __mspabi_slli_9           
0000fbf2  __mspabi_slli_8           
0000fbf4  __mspabi_slli_7           
0000fbf6  __mspabi_slli_6           
0000fbf8  __mspabi_slli_5           
0000fbfa  __mspabi_slli_4           
0000fbfc  __mspabi_slli_3           
0000fbfe  __mspabi_slli_2           
0000fc00  __mspabi_slli_1           
0000fc04  anvilspi                  
0000fc2c  ledparam                  
0000fc4a  raztrame                  
0000fc68  _c_int00_noargs_noexit    
0000fc82  __TI_zero_init            
0000fc96  __mspabi_mpyi             
0000fc96  __mspabi_mpyi_sw          
0000fcaa  __TI_decompress_none      
0000fcbc  memcpy                    
0000fcce  __mspabi_func_epilog_7    
0000fcd0  __mspabi_func_epilog_6    
0000fcd2  __mspabi_func_epilog_5    
0000fcd4  __mspabi_func_epilog_4    
0000fcd6  __mspabi_func_epilog_3    
0000fcd8  __mspabi_func_epilog_2    
0000fcda  __mspabi_func_epilog_1    
0000fcde  __TI_ISR_TRAP             
0000fce6  C$$EXIT                   
0000fce6  abort                     
0000fcec  _system_pre_init          
0000fcf0  _system_post_cinit        
0000fcf2  _ctypes_                  
0000fe46  __TI_Handler_Table_Base   
0000fe4c  __TI_Handler_Table_Limit  
0000fe50  __TI_CINIT_Base           
0000fe58  __TI_CINIT_Limit          
0000ffe4  __TI_int02                
0000ffe6  __TI_int03                
0000ffe8  __TI_int04                
0000ffea  __TI_int05                
0000fff0  __TI_int08                
0000fff2  __TI_int09                
0000fff4  __TI_int10                
0000fffc  __TI_int14                
0000fffe  _reset_vector             
ffffffff  __TI_pprof_out_hndl       
ffffffff  __TI_prof_data_size       
ffffffff  __TI_prof_data_start      
ffffffff  __c_args__                
UNDEFED   __TI_BINIT_Base           
UNDEFED   __TI_BINIT_Limit          
UNDEFED   __TI_INITARRAY_Base       
UNDEFED   __TI_INITARRAY_Limit      

[143 symbols]
