******************************************************************************
                  MSP430 Linker PC v16.9.4                     
******************************************************************************
>> Linked Mon Mar 12 14:06:57 2018

OUTPUT FILE NAME:   <codemsp2553.out>
ENTRY POINT SYMBOL: "_c_int00_noargs_noexit"  address: 0000c8f6


MEMORY CONFIGURATION

         name            origin    length      used     unused   attr    fill
----------------------  --------  ---------  --------  --------  ----  --------
  SFR                   00000000   00000010  00000000  00000010  RWIX
  PERIPHERALS_8BIT      00000010   000000f0  00000000  000000f0  RWIX
  PERIPHERALS_16BIT     00000100   00000100  00000000  00000100  RWIX
  RAM                   00000200   00000200  0000007a  00000186  RWIX
  INFOD                 00001000   00000040  00000000  00000040  RWIX
  INFOC                 00001040   00000040  00000000  00000040  RWIX
  INFOB                 00001080   00000040  00000000  00000040  RWIX
  INFOA                 000010c0   00000040  00000000  00000040  RWIX
  FLASH                 0000c000   00003fde  00000b5e  00003480  RWIX
  BSLSIGNATURE          0000ffde   00000002  00000002  00000000  RWIX  ffff 
  INT00                 0000ffe0   00000002  00000002  00000000  RWIX
  INT01                 0000ffe2   00000002  00000000  00000002  RWIX
  INT02                 0000ffe4   00000002  00000002  00000000  RWIX
  INT03                 0000ffe6   00000002  00000002  00000000  RWIX
  INT04                 0000ffe8   00000002  00000000  00000002  RWIX
  INT05                 0000ffea   00000002  00000002  00000000  RWIX
  INT06                 0000ffec   00000002  00000002  00000000  RWIX
  INT07                 0000ffee   00000002  00000002  00000000  RWIX
  INT08                 0000fff0   00000002  00000002  00000000  RWIX
  INT09                 0000fff2   00000002  00000002  00000000  RWIX
  INT10                 0000fff4   00000002  00000002  00000000  RWIX
  INT11                 0000fff6   00000002  00000002  00000000  RWIX
  INT12                 0000fff8   00000002  00000002  00000000  RWIX
  INT13                 0000fffa   00000002  00000002  00000000  RWIX
  INT14                 0000fffc   00000002  00000002  00000000  RWIX
  RESET                 0000fffe   00000002  00000002  00000000  RWIX


SECTION ALLOCATION MAP

 output                                  attributes/
section   page    origin      length       input sections
--------  ----  ----------  ----------   ----------------
.bss       0    00000200    00000020     UNINITIALIZED
                  00000200    00000010     (.common:rxtrameuart)
                  00000210    00000010     (.common:trametx_SPI)

.data      0    00000220    0000000a     UNINITIALIZED
                  00000220    00000008     main.obj (.data)
                  00000228    00000002     uart.obj (.data)

.stack     0    000003b0    00000050     UNINITIALIZED
                  000003b0    00000002     rts430_eabi.lib : boot.obj (.stack)
                  000003b2    0000004e     --HOLE--

.text      0    0000c000    000009de     
                  0000c000    000000e4     uart.obj (.text:anviluart)
                  0000c0e4    000000a6     util.obj (.text:forge)
                  0000c18a    00000086     util.obj (.text:itoad)
                  0000c210    0000007c     rts430_eabi.lib : copy_decompress_lzss.obj (.text:decompress:lzss:__TI_decompress_lzss)
                  0000c28c    0000006e                     : autoinit.obj (.text:_auto_init)
                  0000c2fa    0000006a     main.obj (.text:main)
                  0000c364    00000068     util.obj (.text:slot)
                  0000c3cc    0000005a     rts430_eabi.lib : cpy_tbl.obj (.text:copy_in)
                  0000c426    00000058                     : div32u.obj (.text)
                  0000c47e    00000054     spi2553.obj (.text:Init_SPI)
                  0000c4d2    00000052     rts430_eabi.lib : atoi.obj (.text:atoi)
                  0000c524    0000004c                     : lsr16.obj (.text)
                  0000c570    00000046     uart.obj (.text:USCI0RX_ISR)
                  0000c5b6    00000046     drivermoteur.obj (.text:testmoteur)
                  0000c5fc    00000044     uart.obj (.text:InitUART)
                  0000c640    00000042     drivermoteur.obj (.text:initmoteur)
                  0000c682    00000040     uart.obj (.text:interpreteuruart)
                  0000c6c2    0000003e     main.obj (.text:ledspi)
                  0000c700    0000003c     util.obj (.text:delay)
                  0000c73c    0000003c     spi2553.obj (.text:send_SPI)
                  0000c778    0000003a     main.obj (.text:led1)
                  0000c7b2    00000032     uart.obj (.text:pong)
                  0000c7e4    00000030     util.obj (.text:substringsemicolon)
                  0000c814    0000002c     rts430_eabi.lib : lsl16.obj (.text)
                  0000c840    00000028     uart.obj (.text:ack)
                  0000c868    00000028     uart.obj (.text:nak)
                  0000c890    00000024     main.obj (.text:led)
                  0000c8b4    00000024     spi2553.obj (.text:sendspichar)
                  0000c8d8    0000001e     uart.obj (.text:raztrameuart)
                  0000c8f6    0000001a     rts430_eabi.lib : boot_special.obj (.text:_c_int00_noargs_noexit)
                  0000c910    00000018     drivermoteur.obj (.text:avancer)
                  0000c928    00000018     drivermoteur.obj (.text:reculer)
                  0000c940    00000014     rts430_eabi.lib : copy_zero_init.obj (.text:decompress:ZI:__TI_zero_init)
                  0000c954    00000014                     : mult16.obj (.text)
                  0000c968    00000012                     : copy_decompress_none.obj (.text:decompress:none:__TI_decompress_none)
                  0000c97a    00000012                     : memcpy.obj (.text:memcpy)
                  0000c98c    00000010                     : epilog.obj (.text)
                  0000c99c    0000000c     uart.obj (.text:TXdata)
                  0000c9a8    0000000c     drivermoteur.obj (.text:droite)
                  0000c9b4    0000000c     drivermoteur.obj (.text:gauche)
                  0000c9c0    0000000a     drivermoteur.obj (.text:stop)
                  0000c9ca    00000008     rts430_eabi.lib : isr_trap.obj (.text:_isr:__TI_ISR_TRAP)
                  0000c9d2    00000006                     : exit.obj (.text:abort)
                  0000c9d8    00000004                     : pre_init.obj (.text:_system_pre_init)
                  0000c9dc    00000002                     : startup.obj (.text:_system_post_cinit)

.binit     0    0000c000    00000000     

.const     0    0000c9de    00000160     
                  0000c9de    00000101     rts430_eabi.lib : ctype.obj (.const:.string:_ctypes_)
                  0000cadf    00000001     --HOLE-- [fill = 0]
                  0000cae0    0000004a     util.obj (.const:.string)
                  0000cb2a    00000005     uart.obj (.const:.string:$P$T0$1)
                  0000cb2f    00000001     --HOLE-- [fill = 0]
                  0000cb30    00000004     main.obj (.const:$P$T0$1)
                  0000cb34    00000004     uart.obj (.const:.string:$P$T1$2)
                  0000cb38    00000004     uart.obj (.const:.string:$P$T2$3)
                  0000cb3c    00000002     uart.obj (.const:.string)

.cinit     0    0000cb3e    00000020     
                  0000cb3e    0000000e     (.cinit..data.load) [load image]
                  0000cb4c    00000006     (__TI_handler_table)
                  0000cb52    00000004     (.cinit..bss.load) [load image, compression = zero_init]
                  0000cb56    00000008     (__TI_cinit_table)

.init_array 
*          0    0000c000    00000000     UNINITIALIZED

TRAPINT    0    0000ffe0    00000002     
                  0000ffe0    00000002     rts430_eabi.lib : int00.obj (.int00)

PORT1      0    0000ffe4    00000002     
                  0000ffe4    00000002     rts430_eabi.lib : int02.obj (.int02)

PORT2      0    0000ffe6    00000002     
                  0000ffe6    00000002     rts430_eabi.lib : int03.obj (.int03)

$fill000   0    0000ffde    00000002     
                  0000ffde    00000002     --HOLE-- [fill = ffff]

ADC10      0    0000ffea    00000002     
                  0000ffea    00000002     rts430_eabi.lib : int05.obj (.int05)

USCIAB0TX 
*          0    0000ffec    00000002     
                  0000ffec    00000002     rts430_eabi.lib : int06.obj (.int06)

USCIAB0RX 
*          0    0000ffee    00000002     
                  0000ffee    00000002     uart.obj (.int07)

TIMER0_A1 
*          0    0000fff0    00000002     
                  0000fff0    00000002     rts430_eabi.lib : int08.obj (.int08)

TIMER0_A0 
*          0    0000fff2    00000002     
                  0000fff2    00000002     rts430_eabi.lib : int09.obj (.int09)

WDT        0    0000fff4    00000002     
                  0000fff4    00000002     rts430_eabi.lib : int10.obj (.int10)

COMPARATORA 
*          0    0000fff6    00000002     
                  0000fff6    00000002     rts430_eabi.lib : int11.obj (.int11)

TIMER1_A1 
*          0    0000fff8    00000002     
                  0000fff8    00000002     rts430_eabi.lib : int12.obj (.int12)

TIMER1_A0 
*          0    0000fffa    00000002     
                  0000fffa    00000002     rts430_eabi.lib : int13.obj (.int13)

NMI        0    0000fffc    00000002     
                  0000fffc    00000002     rts430_eabi.lib : int14.obj (.int14)

.reset     0    0000fffe    00000002     
                  0000fffe    00000002     rts430_eabi.lib : boot.obj (.reset)

MODULE SUMMARY

       Module                     code   ro data   rw data
       ------                     ----   -------   -------
    .\
       uart.obj                   602    17        18     
       util.obj                   512    74        0      
       main.obj                   262    4         8      
       drivermoteur.obj           218    0         0      
       spi2553.obj                180    0         16     
    +--+--------------------------+------+---------+---------+
       Total:                     1774   95        42     
                                                          
    C:\Program Files (x86)\ti\ccsv7\ccsv7\tools\compiler\ti-cgt-msp430_16.9.4.LTS\lib\rts430_eabi.lib
       ctype.obj                  0      257       0      
       copy_decompress_lzss.obj   124    0         0      
       autoinit.obj               110    0         0      
       cpy_tbl.obj                90     0         0      
       div32u.obj                 88     0         0      
       atoi.obj                   82     0         0      
       lsr16.obj                  76     0         0      
       lsl16.obj                  44     0         0      
       boot_special.obj           26     0         0      
       copy_zero_init.obj         20     0         0      
       mult16.obj                 20     0         0      
       copy_decompress_none.obj   18     0         0      
       memcpy.obj                 18     0         0      
       epilog.obj                 16     0         0      
       isr_trap.obj               8      0         0      
       exit.obj                   6      0         0      
       pre_init.obj               4      0         0      
       boot.obj                   0      2         0      
       int00.obj                  0      2         0      
       int02.obj                  0      2         0      
       int03.obj                  0      2         0      
       int05.obj                  0      2         0      
       int06.obj                  0      2         0      
       int08.obj                  0      2         0      
       int09.obj                  0      2         0      
       int10.obj                  0      2         0      
       int11.obj                  0      2         0      
       int12.obj                  0      2         0      
       int13.obj                  0      2         0      
       int14.obj                  0      2         0      
       startup.obj                2      0         0      
    +--+--------------------------+------+---------+---------+
       Total:                     752    283       0      
                                                          
       Stack:                     0      0         80     
       Linker Generated:          0      32        0      
    +--+--------------------------+------+---------+---------+
       Grand Total:               2526   410       122    


LINKER GENERATED COPY TABLES

__TI_cinit_table @ 0000cb56 records: 2, size/record: 4, table size: 8
	.data: load addr=0000cb3e, load size=0000000e bytes, run addr=00000220, run size=0000000a bytes, compression=copy
	.bss: load addr=0000cb52, load size=00000004 bytes, run addr=00000200, run size=00000020 bytes, compression=zero_init


LINKER GENERATED HANDLER TABLE

__TI_handler_table @ 0000cb4c records: 3, size/record: 2, table size: 6
	index: 0, handler: __TI_zero_init
	index: 1, handler: __TI_decompress_lzss
	index: 2, handler: __TI_decompress_none


GLOBAL SYMBOLS: SORTED ALPHABETICALLY BY Name 

address   name                    
-------   ----                    
0000004a  ADC10AE0                
000001b0  ADC10CTL0               
000001b2  ADC10CTL1               
00000048  ADC10DTC0               
00000049  ADC10DTC1               
000001b4  ADC10MEM                
000001bc  ADC10SA                 
00000057  BCSCTL1                 
00000058  BCSCTL2                 
00000053  BCSCTL3                 
0000c9d2  C$$EXIT                 
00000059  CACTL1                  
0000005a  CACTL2                  
000010fb  CALBC1_12MHZ            
000010f9  CALBC1_16MHZ            
000010ff  CALBC1_1MHZ             
000010fd  CALBC1_8MHZ             
000010fa  CALDCO_12MHZ            
000010f8  CALDCO_16MHZ            
000010fe  CALDCO_1MHZ             
000010fc  CALDCO_8MHZ             
0000005b  CAPD                    
00000056  DCOCTL                  
00000128  FCTL1                   
0000012a  FCTL2                   
0000012c  FCTL3                   
00000000  IE1                     
00000001  IE2                     
00000002  IFG1                    
00000003  IFG2                    
0000c5fc  InitUART                
0000c47e  Init_SPI                
00000022  P1DIR                   
00000025  P1IE                    
00000024  P1IES                   
00000023  P1IFG                   
00000020  P1IN                    
00000021  P1OUT                   
00000027  P1REN                   
00000026  P1SEL                   
00000041  P1SEL2                  
0000002a  P2DIR                   
0000002d  P2IE                    
0000002c  P2IES                   
0000002b  P2IFG                   
00000028  P2IN                    
00000029  P2OUT                   
0000002f  P2REN                   
0000002e  P2SEL                   
00000042  P2SEL2                  
0000001a  P3DIR                   
00000018  P3IN                    
00000019  P3OUT                   
00000010  P3REN                   
0000001b  P3SEL                   
00000043  P3SEL2                  
00000172  TA0CCR0                 
00000174  TA0CCR1                 
00000176  TA0CCR2                 
00000162  TA0CCTL0                
00000164  TA0CCTL1                
00000166  TA0CCTL2                
00000160  TA0CTL                  
0000012e  TA0IV                   
00000170  TA0R                    
00000192  TA1CCR0                 
00000194  TA1CCR1                 
00000196  TA1CCR2                 
00000182  TA1CCTL0                
00000184  TA1CCTL1                
00000186  TA1CCTL2                
00000180  TA1CTL                  
0000011e  TA1IV                   
00000190  TA1R                    
000010db  TLV_ADC10_1_LEN         
000010da  TLV_ADC10_1_TAG         
000010c0  TLV_CHECKSUM            
000010f7  TLV_DCO_30_LEN          
000010f6  TLV_DCO_30_TAG          
0000c99c  TXdata                  
0000005d  UCA0ABCTL               
00000062  UCA0BR0                 
00000063  UCA0BR1                 
00000060  UCA0CTL0                
00000061  UCA0CTL1                
0000005f  UCA0IRRCTL              
0000005e  UCA0IRTCTL              
00000064  UCA0MCTL                
00000066  UCA0RXBUF               
00000065  UCA0STAT                
00000067  UCA0TXBUF               
0000006a  UCB0BR0                 
0000006b  UCB0BR1                 
00000068  UCB0CTL0                
00000069  UCB0CTL1                
0000006c  UCB0I2CIE               
00000118  UCB0I2COA               
0000011a  UCB0I2CSA               
0000006e  UCB0RXBUF               
0000006d  UCB0STAT                
0000006f  UCB0TXBUF               
0000c570  USCI0RX_ISR             
00000120  WDTCTL                  
00000400  __STACK_END             
00000050  __STACK_SIZE            
UNDEFED   __TI_BINIT_Base         
UNDEFED   __TI_BINIT_Limit        
0000cb56  __TI_CINIT_Base         
0000cb5e  __TI_CINIT_Limit        
0000cb4c  __TI_Handler_Table_Base 
0000cb52  __TI_Handler_Table_Limit
UNDEFED   __TI_INITARRAY_Base     
UNDEFED   __TI_INITARRAY_Limit    
0000c9ca  __TI_ISR_TRAP           
0000c210  __TI_decompress_lzss    
0000c968  __TI_decompress_none    
0000ffe0  __TI_int00              
0000ffe4  __TI_int02              
0000ffe6  __TI_int03              
0000ffea  __TI_int05              
0000ffec  __TI_int06              
0000ffee  __TI_int07              
0000fff0  __TI_int08              
0000fff2  __TI_int09              
0000fff4  __TI_int10              
0000fff6  __TI_int11              
0000fff8  __TI_int12              
0000fffa  __TI_int13              
0000fffc  __TI_int14              
ffffffff  __TI_pprof_out_hndl     
ffffffff  __TI_prof_data_size     
ffffffff  __TI_prof_data_start    
0000c940  __TI_zero_init          
ffffffff  __c_args__              
0000c426  __mspabi_divul          
0000c998  __mspabi_func_epilog_1  
0000c996  __mspabi_func_epilog_2  
0000c994  __mspabi_func_epilog_3  
0000c992  __mspabi_func_epilog_4  
0000c990  __mspabi_func_epilog_5  
0000c98e  __mspabi_func_epilog_6  
0000c98c  __mspabi_func_epilog_7  
0000c954  __mspabi_mpyi           
0000c954  __mspabi_mpyi_sw        
0000c426  __mspabi_remul          
0000c814  __mspabi_slli           
0000c83c  __mspabi_slli_1         
0000c82a  __mspabi_slli_10        
0000c828  __mspabi_slli_11        
0000c826  __mspabi_slli_12        
0000c824  __mspabi_slli_13        
0000c822  __mspabi_slli_14        
0000c820  __mspabi_slli_15        
0000c83a  __mspabi_slli_2         
0000c838  __mspabi_slli_3         
0000c836  __mspabi_slli_4         
0000c834  __mspabi_slli_5         
0000c832  __mspabi_slli_6         
0000c830  __mspabi_slli_7         
0000c82e  __mspabi_slli_8         
0000c82c  __mspabi_slli_9         
0000c524  __mspabi_srli           
0000c56a  __mspabi_srli_1         
0000c546  __mspabi_srli_10        
0000c542  __mspabi_srli_11        
0000c53e  __mspabi_srli_12        
0000c53a  __mspabi_srli_13        
0000c536  __mspabi_srli_14        
0000c532  __mspabi_srli_15        
0000c566  __mspabi_srli_2         
0000c562  __mspabi_srli_3         
0000c55e  __mspabi_srli_4         
0000c55a  __mspabi_srli_5         
0000c556  __mspabi_srli_6         
0000c552  __mspabi_srli_7         
0000c54e  __mspabi_srli_8         
0000c54a  __mspabi_srli_9         
0000c28c  _auto_init              
0000c8f6  _c_int00_noargs_noexit  
0000c9de  _ctypes_                
0000fffe  _reset_vector           
000003b0  _stack                  
0000c9dc  _system_post_cinit      
0000c9d8  _system_pre_init        
0000c9d2  abort                   
0000c840  ack                     
0000c000  anviluart               
0000c4d2  atoi                    
0000c910  avancer                 
00000226  compteurtrameinutile    
0000c3cc  copy_in                 
0000c700  delay                   
0000c9a8  droite                  
0000c0e4  forge                   
0000c9b4  gauche                  
00000228  indexrxbufferuart       
0000c640  initmoteur              
0000c682  interpreteuruart        
0000c18a  itoad                   
0000c890  led                     
0000c778  led1                    
0000c6c2  ledspi                  
0000c2fa  main                    
0000c97a  memcpy                  
0000c868  nak                     
00000220  onoffled1               
0000c7b2  pong                    
0000c8d8  raztrameuart            
0000c928  reculer                 
00000200  rxtrameuart             
0000c73c  send_SPI                
0000c8b4  sendspichar             
0000c364  slot                    
0000c9c0  stop                    
0000c7e4  substringsemicolon      
0000c5b6  testmoteur              
00000224  tpsb                    
00000222  tpsh                    
00000210  trametx_SPI             


GLOBAL SYMBOLS: SORTED BY Symbol Address 

address   name                    
-------   ----                    
00000000  IE1                     
00000001  IE2                     
00000002  IFG1                    
00000003  IFG2                    
00000010  P3REN                   
00000018  P3IN                    
00000019  P3OUT                   
0000001a  P3DIR                   
0000001b  P3SEL                   
00000020  P1IN                    
00000021  P1OUT                   
00000022  P1DIR                   
00000023  P1IFG                   
00000024  P1IES                   
00000025  P1IE                    
00000026  P1SEL                   
00000027  P1REN                   
00000028  P2IN                    
00000029  P2OUT                   
0000002a  P2DIR                   
0000002b  P2IFG                   
0000002c  P2IES                   
0000002d  P2IE                    
0000002e  P2SEL                   
0000002f  P2REN                   
00000041  P1SEL2                  
00000042  P2SEL2                  
00000043  P3SEL2                  
00000048  ADC10DTC0               
00000049  ADC10DTC1               
0000004a  ADC10AE0                
00000050  __STACK_SIZE            
00000053  BCSCTL3                 
00000056  DCOCTL                  
00000057  BCSCTL1                 
00000058  BCSCTL2                 
00000059  CACTL1                  
0000005a  CACTL2                  
0000005b  CAPD                    
0000005d  UCA0ABCTL               
0000005e  UCA0IRTCTL              
0000005f  UCA0IRRCTL              
00000060  UCA0CTL0                
00000061  UCA0CTL1                
00000062  UCA0BR0                 
00000063  UCA0BR1                 
00000064  UCA0MCTL                
00000065  UCA0STAT                
00000066  UCA0RXBUF               
00000067  UCA0TXBUF               
00000068  UCB0CTL0                
00000069  UCB0CTL1                
0000006a  UCB0BR0                 
0000006b  UCB0BR1                 
0000006c  UCB0I2CIE               
0000006d  UCB0STAT                
0000006e  UCB0RXBUF               
0000006f  UCB0TXBUF               
00000118  UCB0I2COA               
0000011a  UCB0I2CSA               
0000011e  TA1IV                   
00000120  WDTCTL                  
00000128  FCTL1                   
0000012a  FCTL2                   
0000012c  FCTL3                   
0000012e  TA0IV                   
00000160  TA0CTL                  
00000162  TA0CCTL0                
00000164  TA0CCTL1                
00000166  TA0CCTL2                
00000170  TA0R                    
00000172  TA0CCR0                 
00000174  TA0CCR1                 
00000176  TA0CCR2                 
00000180  TA1CTL                  
00000182  TA1CCTL0                
00000184  TA1CCTL1                
00000186  TA1CCTL2                
00000190  TA1R                    
00000192  TA1CCR0                 
00000194  TA1CCR1                 
00000196  TA1CCR2                 
000001b0  ADC10CTL0               
000001b2  ADC10CTL1               
000001b4  ADC10MEM                
000001bc  ADC10SA                 
00000200  rxtrameuart             
00000210  trametx_SPI             
00000220  onoffled1               
00000222  tpsh                    
00000224  tpsb                    
00000226  compteurtrameinutile    
00000228  indexrxbufferuart       
000003b0  _stack                  
00000400  __STACK_END             
000010c0  TLV_CHECKSUM            
000010da  TLV_ADC10_1_TAG         
000010db  TLV_ADC10_1_LEN         
000010f6  TLV_DCO_30_TAG          
000010f7  TLV_DCO_30_LEN          
000010f8  CALDCO_16MHZ            
000010f9  CALBC1_16MHZ            
000010fa  CALDCO_12MHZ            
000010fb  CALBC1_12MHZ            
000010fc  CALDCO_8MHZ             
000010fd  CALBC1_8MHZ             
000010fe  CALDCO_1MHZ             
000010ff  CALBC1_1MHZ             
0000c000  anviluart               
0000c0e4  forge                   
0000c18a  itoad                   
0000c210  __TI_decompress_lzss    
0000c28c  _auto_init              
0000c2fa  main                    
0000c364  slot                    
0000c3cc  copy_in                 
0000c426  __mspabi_divul          
0000c426  __mspabi_remul          
0000c47e  Init_SPI                
0000c4d2  atoi                    
0000c524  __mspabi_srli           
0000c532  __mspabi_srli_15        
0000c536  __mspabi_srli_14        
0000c53a  __mspabi_srli_13        
0000c53e  __mspabi_srli_12        
0000c542  __mspabi_srli_11        
0000c546  __mspabi_srli_10        
0000c54a  __mspabi_srli_9         
0000c54e  __mspabi_srli_8         
0000c552  __mspabi_srli_7         
0000c556  __mspabi_srli_6         
0000c55a  __mspabi_srli_5         
0000c55e  __mspabi_srli_4         
0000c562  __mspabi_srli_3         
0000c566  __mspabi_srli_2         
0000c56a  __mspabi_srli_1         
0000c570  USCI0RX_ISR             
0000c5b6  testmoteur              
0000c5fc  InitUART                
0000c640  initmoteur              
0000c682  interpreteuruart        
0000c6c2  ledspi                  
0000c700  delay                   
0000c73c  send_SPI                
0000c778  led1                    
0000c7b2  pong                    
0000c7e4  substringsemicolon      
0000c814  __mspabi_slli           
0000c820  __mspabi_slli_15        
0000c822  __mspabi_slli_14        
0000c824  __mspabi_slli_13        
0000c826  __mspabi_slli_12        
0000c828  __mspabi_slli_11        
0000c82a  __mspabi_slli_10        
0000c82c  __mspabi_slli_9         
0000c82e  __mspabi_slli_8         
0000c830  __mspabi_slli_7         
0000c832  __mspabi_slli_6         
0000c834  __mspabi_slli_5         
0000c836  __mspabi_slli_4         
0000c838  __mspabi_slli_3         
0000c83a  __mspabi_slli_2         
0000c83c  __mspabi_slli_1         
0000c840  ack                     
0000c868  nak                     
0000c890  led                     
0000c8b4  sendspichar             
0000c8d8  raztrameuart            
0000c8f6  _c_int00_noargs_noexit  
0000c910  avancer                 
0000c928  reculer                 
0000c940  __TI_zero_init          
0000c954  __mspabi_mpyi           
0000c954  __mspabi_mpyi_sw        
0000c968  __TI_decompress_none    
0000c97a  memcpy                  
0000c98c  __mspabi_func_epilog_7  
0000c98e  __mspabi_func_epilog_6  
0000c990  __mspabi_func_epilog_5  
0000c992  __mspabi_func_epilog_4  
0000c994  __mspabi_func_epilog_3  
0000c996  __mspabi_func_epilog_2  
0000c998  __mspabi_func_epilog_1  
0000c99c  TXdata                  
0000c9a8  droite                  
0000c9b4  gauche                  
0000c9c0  stop                    
0000c9ca  __TI_ISR_TRAP           
0000c9d2  C$$EXIT                 
0000c9d2  abort                   
0000c9d8  _system_pre_init        
0000c9dc  _system_post_cinit      
0000c9de  _ctypes_                
0000cb4c  __TI_Handler_Table_Base 
0000cb52  __TI_Handler_Table_Limit
0000cb56  __TI_CINIT_Base         
0000cb5e  __TI_CINIT_Limit        
0000ffe0  __TI_int00              
0000ffe4  __TI_int02              
0000ffe6  __TI_int03              
0000ffea  __TI_int05              
0000ffec  __TI_int06              
0000ffee  __TI_int07              
0000fff0  __TI_int08              
0000fff2  __TI_int09              
0000fff4  __TI_int10              
0000fff6  __TI_int11              
0000fff8  __TI_int12              
0000fffa  __TI_int13              
0000fffc  __TI_int14              
0000fffe  _reset_vector           
ffffffff  __TI_pprof_out_hndl     
ffffffff  __TI_prof_data_size     
ffffffff  __TI_prof_data_start    
ffffffff  __c_args__              
UNDEFED   __TI_BINIT_Base         
UNDEFED   __TI_BINIT_Limit        
UNDEFED   __TI_INITARRAY_Base     
UNDEFED   __TI_INITARRAY_Limit    

[219 symbols]
