******************************************************************************
                  MSP430 Linker PC v16.9.4                     
******************************************************************************
>> Linked Tue Mar 20 10:03:00 2018

OUTPUT FILE NAME:   <codemsp2553.out>
ENTRY POINT SYMBOL: "_c_int00_noargs_noexit"  address: 0000cb1e


MEMORY CONFIGURATION

         name            origin    length      used     unused   attr    fill
----------------------  --------  ---------  --------  --------  ----  --------
  SFR                   00000000   00000010  00000000  00000010  RWIX
  PERIPHERALS_8BIT      00000010   000000f0  00000000  000000f0  RWIX
  PERIPHERALS_16BIT     00000100   00000100  00000000  00000100  RWIX
  RAM                   00000200   00000200  0000007c  00000184  RWIX
  INFOD                 00001000   00000040  00000000  00000040  RWIX
  INFOC                 00001040   00000040  00000000  00000040  RWIX
  INFOB                 00001080   00000040  00000000  00000040  RWIX
  INFOA                 000010c0   00000040  00000000  00000040  RWIX
  FLASH                 0000c000   00003fde  00000e2c  000031b2  RWIX
  BSLSIGNATURE          0000ffde   00000002  00000002  00000000  RWIX  ffff 
  INT00                 0000ffe0   00000002  00000002  00000000  RWIX
  INT01                 0000ffe2   00000002  00000000  00000002  RWIX
  INT02                 0000ffe4   00000002  00000002  00000000  RWIX
  INT03                 0000ffe6   00000002  00000002  00000000  RWIX
  INT04                 0000ffe8   00000002  00000000  00000002  RWIX
  INT05                 0000ffea   00000002  00000002  00000000  RWIX
  INT06                 0000ffec   00000002  00000002  00000000  RWIX
  INT07                 0000ffee   00000002  00000002  00000000  RWIX
  INT08                 0000fff0   00000002  00000002  00000000  RWIX
  INT09                 0000fff2   00000002  00000002  00000000  RWIX
  INT10                 0000fff4   00000002  00000002  00000000  RWIX
  INT11                 0000fff6   00000002  00000002  00000000  RWIX
  INT12                 0000fff8   00000002  00000002  00000000  RWIX
  INT13                 0000fffa   00000002  00000002  00000000  RWIX
  INT14                 0000fffc   00000002  00000002  00000000  RWIX
  RESET                 0000fffe   00000002  00000002  00000000  RWIX


SECTION ALLOCATION MAP

 output                                  attributes/
section   page    origin      length       input sections
--------  ----  ----------  ----------   ----------------
.bss       0    00000200    00000020     UNINITIALIZED
                  00000200    00000010     (.common:rxtrameuart)
                  00000210    00000010     (.common:trametx_SPI)

.data      0    00000220    0000000c     UNINITIALIZED
                  00000220    00000006     main.obj (.data)
                  00000226    00000004     drivermoteur.obj (.data)
                  0000022a    00000002     uart.obj (.data)

.stack     0    000003b0    00000050     UNINITIALIZED
                  000003b0    00000002     rts430_eabi.lib : boot.obj (.stack)
                  000003b2    0000004e     --HOLE--

.text      0    0000c000    00000cb2     
                  0000c000    000000e8     uart.obj (.text:anviluart)
                  0000c0e8    000000a6     util.obj (.text:forge)
                  0000c18e    0000009a     scan.obj (.text:scanner)
                  0000c228    00000094     scan.obj (.text:deplacementautonome)
                  0000c2bc    00000086     util.obj (.text:itoad)
                  0000c342    0000007c     rts430_eabi.lib : copy_decompress_lzss.obj (.text:decompress:lzss:__TI_decompress_lzss)
                  0000c3be    0000006e                     : autoinit.obj (.text:_auto_init)
                  0000c42c    00000068     drivermoteur.obj (.text:initmoteur)
                  0000c494    00000068     util.obj (.text:slot)
                  0000c4fc    00000060     spi2553.obj (.text:Init_SPI)
                  0000c55c    0000005a     rts430_eabi.lib : cpy_tbl.obj (.text:copy_in)
                  0000c5b6    00000058                     : div32u.obj (.text)
                  0000c60e    00000056     main.obj (.text:main)
                  0000c664    00000052     rts430_eabi.lib : atoi.obj (.text:atoi)
                  0000c6b6    0000004c                     : lsr16.obj (.text)
                  0000c702    00000046     uart.obj (.text:USCI0RX_ISR)
                  0000c748    00000046     drivermoteur.obj (.text:testmoteur)
                  0000c78e    00000044     uart.obj (.text:InitUART)
                  0000c7d2    00000040     uart.obj (.text:interpreteuruart)
                  0000c812    0000003e     main.obj (.text:ledspi)
                  0000c850    0000003c     util.obj (.text:delay)
                  0000c88c    0000003c     spi2553.obj (.text:send_SPI)
                  0000c8c8    0000003a     main.obj (.text:led1)
                  0000c902    00000032     drivermoteur.obj (.text:droiteauto)
                  0000c934    00000032     drivermoteur.obj (.text:gaucheauto)
                  0000c966    00000032     main.obj (.text:iniboard)
                  0000c998    00000032     uart.obj (.text:pong)
                  0000c9ca    00000030     util.obj (.text:substringsemicolon)
                  0000c9fa    0000002c     rts430_eabi.lib : lsl16.obj (.text)
                  0000ca26    0000002a     spi2553.obj (.text:sendspichar)
                  0000ca50    00000028     uart.obj (.text:ack)
                  0000ca78    00000028     uart.obj (.text:nak)
                  0000caa0    00000024     scan.obj (.text:positionservo)
                  0000cac4    0000001e     drivermoteur.obj (.text:PORT2_ISR)
                  0000cae2    0000001e     main.obj (.text:led)
                  0000cb00    0000001e     uart.obj (.text:raztrameuart)
                  0000cb1e    0000001a     rts430_eabi.lib : boot_special.obj (.text:_c_int00_noargs_noexit)
                  0000cb38    0000001a     capteurInfrarouge.obj (.text:obstacle)
                  0000cb52    00000018     drivermoteur.obj (.text:avancer)
                  0000cb6a    00000018     drivermoteur.obj (.text:reculer)
                  0000cb82    00000016     ADC.obj (.text:ADC_Demarrer_conversion)
                  0000cb98    00000016     ADC.obj (.text:ADC_init)
                  0000cbae    00000014     util.obj (.text:changemode)
                  0000cbc2    00000014     rts430_eabi.lib : copy_zero_init.obj (.text:decompress:ZI:__TI_zero_init)
                  0000cbd6    00000014                     : memset.obj (.text:memset)
                  0000cbea    00000014                     : mult16.obj (.text)
                  0000cbfe    00000012                     : copy_decompress_none.obj (.text:decompress:none:__TI_decompress_none)
                  0000cc10    00000012     capteurInfrarouge.obj (.text:initInfrarouge)
                  0000cc22    00000012     rts430_eabi.lib : memcpy.obj (.text:memcpy)
                  0000cc34    00000010     ADC.obj (.text:ADC_Lire_resultat)
                  0000cc44    00000010     rts430_eabi.lib : epilog.obj (.text)
                  0000cc54    0000000e     capteurInfrarouge.obj (.text:aquisition)
                  0000cc62    0000000e     drivermoteur.obj (.text:stop)
                  0000cc70    0000000c     uart.obj (.text:TXdata)
                  0000cc7c    0000000c     drivermoteur.obj (.text:droite)
                  0000cc88    0000000c     drivermoteur.obj (.text:gauche)
                  0000cc94    0000000a     scan.obj (.text:iniservo)
                  0000cc9e    00000008     rts430_eabi.lib : isr_trap.obj (.text:_isr:__TI_ISR_TRAP)
                  0000cca6    00000006                     : exit.obj (.text:abort)
                  0000ccac    00000004                     : pre_init.obj (.text:_system_pre_init)
                  0000ccb0    00000002                     : startup.obj (.text:_system_post_cinit)

.binit     0    0000c000    00000000     

.const     0    0000ccb2    0000015c     
                  0000ccb2    00000101     rts430_eabi.lib : ctype.obj (.const:.string:_ctypes_)
                  0000cdb3    00000001     --HOLE-- [fill = 0]
                  0000cdb4    0000004a     util.obj (.const:.string)
                  0000cdfe    00000005     uart.obj (.const:.string:$P$T0$1)
                  0000ce03    00000001     --HOLE-- [fill = 0]
                  0000ce04    00000004     uart.obj (.const:.string:$P$T1$2)
                  0000ce08    00000004     uart.obj (.const:.string:$P$T2$3)
                  0000ce0c    00000002     uart.obj (.const:.string)

.cinit     0    0000ce0e    0000001e     
                  0000ce0e    0000000b     (.cinit..data.load) [load image, compression = lzss]
                  0000ce19    00000001     --HOLE-- [fill = 0]
                  0000ce1a    00000006     (__TI_handler_table)
                  0000ce20    00000004     (.cinit..bss.load) [load image, compression = zero_init]
                  0000ce24    00000008     (__TI_cinit_table)

.init_array 
*          0    0000c000    00000000     UNINITIALIZED

TRAPINT    0    0000ffe0    00000002     
                  0000ffe0    00000002     rts430_eabi.lib : int00.obj (.int00)

PORT1      0    0000ffe4    00000002     
                  0000ffe4    00000002     rts430_eabi.lib : int02.obj (.int02)

PORT2      0    0000ffe6    00000002     
                  0000ffe6    00000002     drivermoteur.obj (.int03)

$fill000   0    0000ffde    00000002     
                  0000ffde    00000002     --HOLE-- [fill = ffff]

ADC10      0    0000ffea    00000002     
                  0000ffea    00000002     rts430_eabi.lib : int05.obj (.int05)

USCIAB0TX 
*          0    0000ffec    00000002     
                  0000ffec    00000002     rts430_eabi.lib : int06.obj (.int06)

USCIAB0RX 
*          0    0000ffee    00000002     
                  0000ffee    00000002     uart.obj (.int07)

TIMER0_A1 
*          0    0000fff0    00000002     
                  0000fff0    00000002     rts430_eabi.lib : int08.obj (.int08)

TIMER0_A0 
*          0    0000fff2    00000002     
                  0000fff2    00000002     rts430_eabi.lib : int09.obj (.int09)

WDT        0    0000fff4    00000002     
                  0000fff4    00000002     rts430_eabi.lib : int10.obj (.int10)

COMPARATORA 
*          0    0000fff6    00000002     
                  0000fff6    00000002     rts430_eabi.lib : int11.obj (.int11)

TIMER1_A1 
*          0    0000fff8    00000002     
                  0000fff8    00000002     rts430_eabi.lib : int12.obj (.int12)

TIMER1_A0 
*          0    0000fffa    00000002     
                  0000fffa    00000002     rts430_eabi.lib : int13.obj (.int13)

NMI        0    0000fffc    00000002     
                  0000fffc    00000002     rts430_eabi.lib : int14.obj (.int14)

.reset     0    0000fffe    00000002     
                  0000fffe    00000002     rts430_eabi.lib : boot.obj (.reset)

MODULE SUMMARY

       Module                     code   ro data   rw data
       ------                     ----   -------   -------
    .\
       uart.obj                   606    17        18     
       util.obj                   532    74        0      
       drivermoteur.obj           390    2         4      
       scan.obj                   348    0         0      
       main.obj                   286    0         6      
       spi2553.obj                198    0         16     
       ADC.obj                    60     0         0      
       capteurInfrarouge.obj      58     0         0      
    +--+--------------------------+------+---------+---------+
       Total:                     2478   93        44     
                                                          
    C:\Program Files (x86)\ti\ccsv7\ccsv7\tools\compiler\ti-cgt-msp430_16.9.4.LTS\lib\rts430_eabi.lib
       ctype.obj                  0      257       0      
       copy_decompress_lzss.obj   124    0         0      
       autoinit.obj               110    0         0      
       cpy_tbl.obj                90     0         0      
       div32u.obj                 88     0         0      
       atoi.obj                   82     0         0      
       lsr16.obj                  76     0         0      
       lsl16.obj                  44     0         0      
       boot_special.obj           26     0         0      
       copy_zero_init.obj         20     0         0      
       memset.obj                 20     0         0      
       mult16.obj                 20     0         0      
       copy_decompress_none.obj   18     0         0      
       memcpy.obj                 18     0         0      
       epilog.obj                 16     0         0      
       isr_trap.obj               8      0         0      
       exit.obj                   6      0         0      
       pre_init.obj               4      0         0      
       boot.obj                   0      2         0      
       int00.obj                  0      2         0      
       int02.obj                  0      2         0      
       int05.obj                  0      2         0      
       int06.obj                  0      2         0      
       int08.obj                  0      2         0      
       int09.obj                  0      2         0      
       int10.obj                  0      2         0      
       int11.obj                  0      2         0      
       int12.obj                  0      2         0      
       int13.obj                  0      2         0      
       int14.obj                  0      2         0      
       startup.obj                2      0         0      
    +--+--------------------------+------+---------+---------+
       Total:                     772    281       0      
                                                          
       Stack:                     0      0         80     
       Linker Generated:          0      29        0      
    +--+--------------------------+------+---------+---------+
       Grand Total:               3250   403       124    


LINKER GENERATED COPY TABLES

__TI_cinit_table @ 0000ce24 records: 2, size/record: 4, table size: 8
	.data: load addr=0000ce0e, load size=0000000b bytes, run addr=00000220, run size=0000000c bytes, compression=lzss
	.bss: load addr=0000ce20, load size=00000004 bytes, run addr=00000200, run size=00000020 bytes, compression=zero_init


LINKER GENERATED HANDLER TABLE

__TI_handler_table @ 0000ce1a records: 3, size/record: 2, table size: 6
	index: 0, handler: __TI_zero_init
	index: 1, handler: __TI_decompress_lzss
	index: 2, handler: __TI_decompress_none


GLOBAL SYMBOLS: SORTED ALPHABETICALLY BY Name 

address   name                    
-------   ----                    
0000004a  ADC10AE0                
000001b0  ADC10CTL0               
000001b2  ADC10CTL1               
00000048  ADC10DTC0               
00000049  ADC10DTC1               
000001b4  ADC10MEM                
000001bc  ADC10SA                 
0000cb82  ADC_Demarrer_conversion 
0000cc34  ADC_Lire_resultat       
0000cb98  ADC_init                
00000057  BCSCTL1                 
00000058  BCSCTL2                 
00000053  BCSCTL3                 
0000cca6  C$$EXIT                 
00000059  CACTL1                  
0000005a  CACTL2                  
000010fb  CALBC1_12MHZ            
000010f9  CALBC1_16MHZ            
000010ff  CALBC1_1MHZ             
000010fd  CALBC1_8MHZ             
000010fa  CALDCO_12MHZ            
000010f8  CALDCO_16MHZ            
000010fe  CALDCO_1MHZ             
000010fc  CALDCO_8MHZ             
0000005b  CAPD                    
00000056  DCOCTL                  
00000128  FCTL1                   
0000012a  FCTL2                   
0000012c  FCTL3                   
00000000  IE1                     
00000001  IE2                     
00000002  IFG1                    
00000003  IFG2                    
0000c78e  InitUART                
0000c4fc  Init_SPI                
00000022  P1DIR                   
00000025  P1IE                    
00000024  P1IES                   
00000023  P1IFG                   
00000020  P1IN                    
00000021  P1OUT                   
00000027  P1REN                   
00000026  P1SEL                   
00000041  P1SEL2                  
0000002a  P2DIR                   
0000002d  P2IE                    
0000002c  P2IES                   
0000002b  P2IFG                   
00000028  P2IN                    
00000029  P2OUT                   
0000002f  P2REN                   
0000002e  P2SEL                   
00000042  P2SEL2                  
0000001a  P3DIR                   
00000018  P3IN                    
00000019  P3OUT                   
00000010  P3REN                   
0000001b  P3SEL                   
00000043  P3SEL2                  
0000cac4  PORT2_ISR               
00000172  TA0CCR0                 
00000174  TA0CCR1                 
00000176  TA0CCR2                 
00000162  TA0CCTL0                
00000164  TA0CCTL1                
00000166  TA0CCTL2                
00000160  TA0CTL                  
0000012e  TA0IV                   
00000170  TA0R                    
00000192  TA1CCR0                 
00000194  TA1CCR1                 
00000196  TA1CCR2                 
00000182  TA1CCTL0                
00000184  TA1CCTL1                
00000186  TA1CCTL2                
00000180  TA1CTL                  
0000011e  TA1IV                   
00000190  TA1R                    
000010db  TLV_ADC10_1_LEN         
000010da  TLV_ADC10_1_TAG         
000010c0  TLV_CHECKSUM            
000010f7  TLV_DCO_30_LEN          
000010f6  TLV_DCO_30_TAG          
0000cc70  TXdata                  
0000005d  UCA0ABCTL               
00000062  UCA0BR0                 
00000063  UCA0BR1                 
00000060  UCA0CTL0                
00000061  UCA0CTL1                
0000005f  UCA0IRRCTL              
0000005e  UCA0IRTCTL              
00000064  UCA0MCTL                
00000066  UCA0RXBUF               
00000065  UCA0STAT                
00000067  UCA0TXBUF               
0000006a  UCB0BR0                 
0000006b  UCB0BR1                 
00000068  UCB0CTL0                
00000069  UCB0CTL1                
0000006c  UCB0I2CIE               
00000118  UCB0I2COA               
0000011a  UCB0I2CSA               
0000006e  UCB0RXBUF               
0000006d  UCB0STAT                
0000006f  UCB0TXBUF               
0000c702  USCI0RX_ISR             
00000120  WDTCTL                  
00000400  __STACK_END             
00000050  __STACK_SIZE            
UNDEFED   __TI_BINIT_Base         
UNDEFED   __TI_BINIT_Limit        
0000ce24  __TI_CINIT_Base         
0000ce2c  __TI_CINIT_Limit        
0000ce1a  __TI_Handler_Table_Base 
0000ce20  __TI_Handler_Table_Limit
UNDEFED   __TI_INITARRAY_Base     
UNDEFED   __TI_INITARRAY_Limit    
0000cc9e  __TI_ISR_TRAP           
0000c342  __TI_decompress_lzss    
0000cbfe  __TI_decompress_none    
0000ffe0  __TI_int00              
0000ffe4  __TI_int02              
0000ffe6  __TI_int03              
0000ffea  __TI_int05              
0000ffec  __TI_int06              
0000ffee  __TI_int07              
0000fff0  __TI_int08              
0000fff2  __TI_int09              
0000fff4  __TI_int10              
0000fff6  __TI_int11              
0000fff8  __TI_int12              
0000fffa  __TI_int13              
0000fffc  __TI_int14              
ffffffff  __TI_pprof_out_hndl     
ffffffff  __TI_prof_data_size     
ffffffff  __TI_prof_data_start    
0000cbc2  __TI_zero_init          
ffffffff  __c_args__              
0000c5b6  __mspabi_divul          
0000cc50  __mspabi_func_epilog_1  
0000cc4e  __mspabi_func_epilog_2  
0000cc4c  __mspabi_func_epilog_3  
0000cc4a  __mspabi_func_epilog_4  
0000cc48  __mspabi_func_epilog_5  
0000cc46  __mspabi_func_epilog_6  
0000cc44  __mspabi_func_epilog_7  
0000cbea  __mspabi_mpyi           
0000cbea  __mspabi_mpyi_sw        
0000c5b6  __mspabi_remul          
0000c9fa  __mspabi_slli           
0000ca22  __mspabi_slli_1         
0000ca10  __mspabi_slli_10        
0000ca0e  __mspabi_slli_11        
0000ca0c  __mspabi_slli_12        
0000ca0a  __mspabi_slli_13        
0000ca08  __mspabi_slli_14        
0000ca06  __mspabi_slli_15        
0000ca20  __mspabi_slli_2         
0000ca1e  __mspabi_slli_3         
0000ca1c  __mspabi_slli_4         
0000ca1a  __mspabi_slli_5         
0000ca18  __mspabi_slli_6         
0000ca16  __mspabi_slli_7         
0000ca14  __mspabi_slli_8         
0000ca12  __mspabi_slli_9         
0000c6b6  __mspabi_srli           
0000c6fc  __mspabi_srli_1         
0000c6d8  __mspabi_srli_10        
0000c6d4  __mspabi_srli_11        
0000c6d0  __mspabi_srli_12        
0000c6cc  __mspabi_srli_13        
0000c6c8  __mspabi_srli_14        
0000c6c4  __mspabi_srli_15        
0000c6f8  __mspabi_srli_2         
0000c6f4  __mspabi_srli_3         
0000c6f0  __mspabi_srli_4         
0000c6ec  __mspabi_srli_5         
0000c6e8  __mspabi_srli_6         
0000c6e4  __mspabi_srli_7         
0000c6e0  __mspabi_srli_8         
0000c6dc  __mspabi_srli_9         
0000c3be  _auto_init              
0000cb1e  _c_int00_noargs_noexit  
0000ccb2  _ctypes_                
0000fffe  _reset_vector           
000003b0  _stack                  
0000ccb0  _system_post_cinit      
0000ccac  _system_pre_init        
0000cca6  abort                   
0000ca50  ack                     
0000c000  anviluart               
0000cc54  aquisition              
0000c664  atoi                    
0000cb52  avancer                 
0000cbae  changemode              
0000c55c  copy_in                 
0000c850  delay                   
0000c228  deplacementautonome     
0000cc7c  droite                  
0000c902  droiteauto              
0000c0e8  forge                   
00000222  freq                    
0000cc88  gauche                  
0000c934  gaucheauto              
0000022a  indexrxbufferuart       
0000c966  iniboard                
0000cc94  iniservo                
0000cc10  initInfrarouge          
0000c42c  initmoteur              
0000c7d2  interpreteuruart        
0000c2bc  itoad                   
0000cae2  led                     
0000c8c8  led1                    
0000c812  ledspi                  
0000c60e  main                    
0000cc22  memcpy                  
0000cbd6  memset                  
00000224  mode                    
0000ca78  nak                     
0000cb38  obstacle                
00000220  onoffled1               
0000c998  pong                    
0000caa0  positionservo           
0000cb00  raztrameuart            
0000cb6a  reculer                 
00000200  rxtrameuart             
0000c18e  scanner                 
0000c88c  send_SPI                
0000ca26  sendspichar             
0000c494  slot                    
0000cc62  stop                    
0000c9ca  substringsemicolon      
0000c748  testmoteur              
00000210  trametx_SPI             
00000228  valdroite               
00000226  valgauche               


GLOBAL SYMBOLS: SORTED BY Symbol Address 

address   name                    
-------   ----                    
00000000  IE1                     
00000001  IE2                     
00000002  IFG1                    
00000003  IFG2                    
00000010  P3REN                   
00000018  P3IN                    
00000019  P3OUT                   
0000001a  P3DIR                   
0000001b  P3SEL                   
00000020  P1IN                    
00000021  P1OUT                   
00000022  P1DIR                   
00000023  P1IFG                   
00000024  P1IES                   
00000025  P1IE                    
00000026  P1SEL                   
00000027  P1REN                   
00000028  P2IN                    
00000029  P2OUT                   
0000002a  P2DIR                   
0000002b  P2IFG                   
0000002c  P2IES                   
0000002d  P2IE                    
0000002e  P2SEL                   
0000002f  P2REN                   
00000041  P1SEL2                  
00000042  P2SEL2                  
00000043  P3SEL2                  
00000048  ADC10DTC0               
00000049  ADC10DTC1               
0000004a  ADC10AE0                
00000050  __STACK_SIZE            
00000053  BCSCTL3                 
00000056  DCOCTL                  
00000057  BCSCTL1                 
00000058  BCSCTL2                 
00000059  CACTL1                  
0000005a  CACTL2                  
0000005b  CAPD                    
0000005d  UCA0ABCTL               
0000005e  UCA0IRTCTL              
0000005f  UCA0IRRCTL              
00000060  UCA0CTL0                
00000061  UCA0CTL1                
00000062  UCA0BR0                 
00000063  UCA0BR1                 
00000064  UCA0MCTL                
00000065  UCA0STAT                
00000066  UCA0RXBUF               
00000067  UCA0TXBUF               
00000068  UCB0CTL0                
00000069  UCB0CTL1                
0000006a  UCB0BR0                 
0000006b  UCB0BR1                 
0000006c  UCB0I2CIE               
0000006d  UCB0STAT                
0000006e  UCB0RXBUF               
0000006f  UCB0TXBUF               
00000118  UCB0I2COA               
0000011a  UCB0I2CSA               
0000011e  TA1IV                   
00000120  WDTCTL                  
00000128  FCTL1                   
0000012a  FCTL2                   
0000012c  FCTL3                   
0000012e  TA0IV                   
00000160  TA0CTL                  
00000162  TA0CCTL0                
00000164  TA0CCTL1                
00000166  TA0CCTL2                
00000170  TA0R                    
00000172  TA0CCR0                 
00000174  TA0CCR1                 
00000176  TA0CCR2                 
00000180  TA1CTL                  
00000182  TA1CCTL0                
00000184  TA1CCTL1                
00000186  TA1CCTL2                
00000190  TA1R                    
00000192  TA1CCR0                 
00000194  TA1CCR1                 
00000196  TA1CCR2                 
000001b0  ADC10CTL0               
000001b2  ADC10CTL1               
000001b4  ADC10MEM                
000001bc  ADC10SA                 
00000200  rxtrameuart             
00000210  trametx_SPI             
00000220  onoffled1               
00000222  freq                    
00000224  mode                    
00000226  valgauche               
00000228  valdroite               
0000022a  indexrxbufferuart       
000003b0  _stack                  
00000400  __STACK_END             
000010c0  TLV_CHECKSUM            
000010da  TLV_ADC10_1_TAG         
000010db  TLV_ADC10_1_LEN         
000010f6  TLV_DCO_30_TAG          
000010f7  TLV_DCO_30_LEN          
000010f8  CALDCO_16MHZ            
000010f9  CALBC1_16MHZ            
000010fa  CALDCO_12MHZ            
000010fb  CALBC1_12MHZ            
000010fc  CALDCO_8MHZ             
000010fd  CALBC1_8MHZ             
000010fe  CALDCO_1MHZ             
000010ff  CALBC1_1MHZ             
0000c000  anviluart               
0000c0e8  forge                   
0000c18e  scanner                 
0000c228  deplacementautonome     
0000c2bc  itoad                   
0000c342  __TI_decompress_lzss    
0000c3be  _auto_init              
0000c42c  initmoteur              
0000c494  slot                    
0000c4fc  Init_SPI                
0000c55c  copy_in                 
0000c5b6  __mspabi_divul          
0000c5b6  __mspabi_remul          
0000c60e  main                    
0000c664  atoi                    
0000c6b6  __mspabi_srli           
0000c6c4  __mspabi_srli_15        
0000c6c8  __mspabi_srli_14        
0000c6cc  __mspabi_srli_13        
0000c6d0  __mspabi_srli_12        
0000c6d4  __mspabi_srli_11        
0000c6d8  __mspabi_srli_10        
0000c6dc  __mspabi_srli_9         
0000c6e0  __mspabi_srli_8         
0000c6e4  __mspabi_srli_7         
0000c6e8  __mspabi_srli_6         
0000c6ec  __mspabi_srli_5         
0000c6f0  __mspabi_srli_4         
0000c6f4  __mspabi_srli_3         
0000c6f8  __mspabi_srli_2         
0000c6fc  __mspabi_srli_1         
0000c702  USCI0RX_ISR             
0000c748  testmoteur              
0000c78e  InitUART                
0000c7d2  interpreteuruart        
0000c812  ledspi                  
0000c850  delay                   
0000c88c  send_SPI                
0000c8c8  led1                    
0000c902  droiteauto              
0000c934  gaucheauto              
0000c966  iniboard                
0000c998  pong                    
0000c9ca  substringsemicolon      
0000c9fa  __mspabi_slli           
0000ca06  __mspabi_slli_15        
0000ca08  __mspabi_slli_14        
0000ca0a  __mspabi_slli_13        
0000ca0c  __mspabi_slli_12        
0000ca0e  __mspabi_slli_11        
0000ca10  __mspabi_slli_10        
0000ca12  __mspabi_slli_9         
0000ca14  __mspabi_slli_8         
0000ca16  __mspabi_slli_7         
0000ca18  __mspabi_slli_6         
0000ca1a  __mspabi_slli_5         
0000ca1c  __mspabi_slli_4         
0000ca1e  __mspabi_slli_3         
0000ca20  __mspabi_slli_2         
0000ca22  __mspabi_slli_1         
0000ca26  sendspichar             
0000ca50  ack                     
0000ca78  nak                     
0000caa0  positionservo           
0000cac4  PORT2_ISR               
0000cae2  led                     
0000cb00  raztrameuart            
0000cb1e  _c_int00_noargs_noexit  
0000cb38  obstacle                
0000cb52  avancer                 
0000cb6a  reculer                 
0000cb82  ADC_Demarrer_conversion 
0000cb98  ADC_init                
0000cbae  changemode              
0000cbc2  __TI_zero_init          
0000cbd6  memset                  
0000cbea  __mspabi_mpyi           
0000cbea  __mspabi_mpyi_sw        
0000cbfe  __TI_decompress_none    
0000cc10  initInfrarouge          
0000cc22  memcpy                  
0000cc34  ADC_Lire_resultat       
0000cc44  __mspabi_func_epilog_7  
0000cc46  __mspabi_func_epilog_6  
0000cc48  __mspabi_func_epilog_5  
0000cc4a  __mspabi_func_epilog_4  
0000cc4c  __mspabi_func_epilog_3  
0000cc4e  __mspabi_func_epilog_2  
0000cc50  __mspabi_func_epilog_1  
0000cc54  aquisition              
0000cc62  stop                    
0000cc70  TXdata                  
0000cc7c  droite                  
0000cc88  gauche                  
0000cc94  iniservo                
0000cc9e  __TI_ISR_TRAP           
0000cca6  C$$EXIT                 
0000cca6  abort                   
0000ccac  _system_pre_init        
0000ccb0  _system_post_cinit      
0000ccb2  _ctypes_                
0000ce1a  __TI_Handler_Table_Base 
0000ce20  __TI_Handler_Table_Limit
0000ce24  __TI_CINIT_Base         
0000ce2c  __TI_CINIT_Limit        
0000ffe0  __TI_int00              
0000ffe4  __TI_int02              
0000ffe6  __TI_int03              
0000ffea  __TI_int05              
0000ffec  __TI_int06              
0000ffee  __TI_int07              
0000fff0  __TI_int08              
0000fff2  __TI_int09              
0000fff4  __TI_int10              
0000fff6  __TI_int11              
0000fff8  __TI_int12              
0000fffa  __TI_int13              
0000fffc  __TI_int14              
0000fffe  _reset_vector           
ffffffff  __TI_pprof_out_hndl     
ffffffff  __TI_prof_data_size     
ffffffff  __TI_prof_data_start    
ffffffff  __c_args__              
UNDEFED   __TI_BINIT_Base         
UNDEFED   __TI_BINIT_Limit        
UNDEFED   __TI_INITARRAY_Base     
UNDEFED   __TI_INITARRAY_Limit    

[236 symbols]
