******************************************************************************
                  MSP430 Linker PC v16.9.4                     
******************************************************************************
>> Linked Sat Mar 17 22:54:01 2018

OUTPUT FILE NAME:   <codemsp2553.out>
ENTRY POINT SYMBOL: "_c_int00_noargs_noexit"  address: 0000c94e


MEMORY CONFIGURATION

         name            origin    length      used     unused   attr    fill
----------------------  --------  ---------  --------  --------  ----  --------
  SFR                   00000000   00000010  00000000  00000010  RWIX
  PERIPHERALS_8BIT      00000010   000000f0  00000000  000000f0  RWIX
  PERIPHERALS_16BIT     00000100   00000100  00000000  00000100  RWIX
  RAM                   00000200   00000200  0000007c  00000184  RWIX
  INFOD                 00001000   00000040  00000000  00000040  RWIX
  INFOC                 00001040   00000040  00000000  00000040  RWIX
  INFOB                 00001080   00000040  00000000  00000040  RWIX
  INFOA                 000010c0   00000040  00000000  00000040  RWIX
  FLASH                 0000c000   00003fde  00000bec  000033f2  RWIX
  BSLSIGNATURE          0000ffde   00000002  00000002  00000000  RWIX  ffff 
  INT00                 0000ffe0   00000002  00000002  00000000  RWIX
  INT01                 0000ffe2   00000002  00000000  00000002  RWIX
  INT02                 0000ffe4   00000002  00000002  00000000  RWIX
  INT03                 0000ffe6   00000002  00000002  00000000  RWIX
  INT04                 0000ffe8   00000002  00000000  00000002  RWIX
  INT05                 0000ffea   00000002  00000002  00000000  RWIX
  INT06                 0000ffec   00000002  00000002  00000000  RWIX
  INT07                 0000ffee   00000002  00000002  00000000  RWIX
  INT08                 0000fff0   00000002  00000002  00000000  RWIX
  INT09                 0000fff2   00000002  00000002  00000000  RWIX
  INT10                 0000fff4   00000002  00000002  00000000  RWIX
  INT11                 0000fff6   00000002  00000002  00000000  RWIX
  INT12                 0000fff8   00000002  00000002  00000000  RWIX
  INT13                 0000fffa   00000002  00000002  00000000  RWIX
  INT14                 0000fffc   00000002  00000002  00000000  RWIX
  RESET                 0000fffe   00000002  00000002  00000000  RWIX


SECTION ALLOCATION MAP

 output                                  attributes/
section   page    origin      length       input sections
--------  ----  ----------  ----------   ----------------
.bss       0    00000200    00000020     UNINITIALIZED
                  00000200    00000010     (.common:rxtrameuart)
                  00000210    00000010     (.common:trametx_SPI)

.data      0    00000220    0000000c     UNINITIALIZED
                  00000220    00000006     main.obj (.data)
                  00000226    00000004     drivermoteur.obj (.data)
                  0000022a    00000002     uart.obj (.data)

.stack     0    000003b0    00000050     UNINITIALIZED
                  000003b0    00000002     rts430_eabi.lib : boot.obj (.stack)
                  000003b2    0000004e     --HOLE--

.text      0    0000c000    00000a72     
                  0000c000    000000e8     uart.obj (.text:anviluart)
                  0000c0e8    000000a6     util.obj (.text:forge)
                  0000c18e    00000086     util.obj (.text:itoad)
                  0000c214    0000007c     rts430_eabi.lib : copy_decompress_lzss.obj (.text:decompress:lzss:__TI_decompress_lzss)
                  0000c290    0000006e                     : autoinit.obj (.text:_auto_init)
                  0000c2fe    00000068     drivermoteur.obj (.text:initmoteur)
                  0000c366    00000068     util.obj (.text:slot)
                  0000c3ce    0000005a     rts430_eabi.lib : cpy_tbl.obj (.text:copy_in)
                  0000c428    00000058                     : div32u.obj (.text)
                  0000c480    00000054     spi2553.obj (.text:Init_SPI)
                  0000c4d4    00000052     rts430_eabi.lib : atoi.obj (.text:atoi)
                  0000c526    0000004c                     : lsr16.obj (.text)
                  0000c572    00000048     main.obj (.text:main)
                  0000c5ba    00000046     uart.obj (.text:USCI0RX_ISR)
                  0000c600    00000046     drivermoteur.obj (.text:testmoteur)
                  0000c646    00000044     uart.obj (.text:InitUART)
                  0000c68a    00000040     uart.obj (.text:interpreteuruart)
                  0000c6ca    0000003e     main.obj (.text:ledspi)
                  0000c708    0000003c     util.obj (.text:delay)
                  0000c744    0000003c     spi2553.obj (.text:send_SPI)
                  0000c780    0000003a     main.obj (.text:led1)
                  0000c7ba    00000032     main.obj (.text:iniboard)
                  0000c7ec    00000032     uart.obj (.text:pong)
                  0000c81e    00000030     util.obj (.text:substringsemicolon)
                  0000c84e    0000002c     rts430_eabi.lib : lsl16.obj (.text)
                  0000c87a    0000002a     spi2553.obj (.text:sendspichar)
                  0000c8a4    00000028     uart.obj (.text:ack)
                  0000c8cc    00000028     uart.obj (.text:nak)
                  0000c8f4    0000001e     drivermoteur.obj (.text:PORT2_ISR)
                  0000c912    0000001e     main.obj (.text:led)
                  0000c930    0000001e     uart.obj (.text:raztrameuart)
                  0000c94e    0000001a     rts430_eabi.lib : boot_special.obj (.text:_c_int00_noargs_noexit)
                  0000c968    00000018     drivermoteur.obj (.text:avancer)
                  0000c980    00000018     drivermoteur.obj (.text:reculer)
                  0000c998    00000016     ADC.obj (.text:ADC_init)
                  0000c9ae    00000014     util.obj (.text:changemode)
                  0000c9c2    00000014     rts430_eabi.lib : copy_zero_init.obj (.text:decompress:ZI:__TI_zero_init)
                  0000c9d6    00000014                     : mult16.obj (.text)
                  0000c9ea    00000012                     : copy_decompress_none.obj (.text:decompress:none:__TI_decompress_none)
                  0000c9fc    00000012     capteurInfrarouge.obj (.text:initInfrarouge)
                  0000ca0e    00000012     rts430_eabi.lib : memcpy.obj (.text:memcpy)
                  0000ca20    00000010                     : epilog.obj (.text)
                  0000ca30    0000000c     uart.obj (.text:TXdata)
                  0000ca3c    0000000c     drivermoteur.obj (.text:droite)
                  0000ca48    0000000c     drivermoteur.obj (.text:gauche)
                  0000ca54    0000000a     drivermoteur.obj (.text:stop)
                  0000ca5e    00000008     rts430_eabi.lib : isr_trap.obj (.text:_isr:__TI_ISR_TRAP)
                  0000ca66    00000006                     : exit.obj (.text:abort)
                  0000ca6c    00000004                     : pre_init.obj (.text:_system_pre_init)
                  0000ca70    00000002                     : startup.obj (.text:_system_post_cinit)

.binit     0    0000c000    00000000     

.const     0    0000ca72    0000015c     
                  0000ca72    00000101     rts430_eabi.lib : ctype.obj (.const:.string:_ctypes_)
                  0000cb73    00000001     --HOLE-- [fill = 0]
                  0000cb74    0000004a     util.obj (.const:.string)
                  0000cbbe    00000005     uart.obj (.const:.string:$P$T0$1)
                  0000cbc3    00000001     --HOLE-- [fill = 0]
                  0000cbc4    00000004     uart.obj (.const:.string:$P$T1$2)
                  0000cbc8    00000004     uart.obj (.const:.string:$P$T2$3)
                  0000cbcc    00000002     uart.obj (.const:.string)

.cinit     0    0000cbce    0000001e     
                  0000cbce    0000000b     (.cinit..data.load) [load image, compression = lzss]
                  0000cbd9    00000001     --HOLE-- [fill = 0]
                  0000cbda    00000006     (__TI_handler_table)
                  0000cbe0    00000004     (.cinit..bss.load) [load image, compression = zero_init]
                  0000cbe4    00000008     (__TI_cinit_table)

.init_array 
*          0    0000c000    00000000     UNINITIALIZED

TRAPINT    0    0000ffe0    00000002     
                  0000ffe0    00000002     rts430_eabi.lib : int00.obj (.int00)

PORT1      0    0000ffe4    00000002     
                  0000ffe4    00000002     rts430_eabi.lib : int02.obj (.int02)

PORT2      0    0000ffe6    00000002     
                  0000ffe6    00000002     drivermoteur.obj (.int03)

$fill000   0    0000ffde    00000002     
                  0000ffde    00000002     --HOLE-- [fill = ffff]

ADC10      0    0000ffea    00000002     
                  0000ffea    00000002     rts430_eabi.lib : int05.obj (.int05)

USCIAB0TX 
*          0    0000ffec    00000002     
                  0000ffec    00000002     rts430_eabi.lib : int06.obj (.int06)

USCIAB0RX 
*          0    0000ffee    00000002     
                  0000ffee    00000002     uart.obj (.int07)

TIMER0_A1 
*          0    0000fff0    00000002     
                  0000fff0    00000002     rts430_eabi.lib : int08.obj (.int08)

TIMER0_A0 
*          0    0000fff2    00000002     
                  0000fff2    00000002     rts430_eabi.lib : int09.obj (.int09)

WDT        0    0000fff4    00000002     
                  0000fff4    00000002     rts430_eabi.lib : int10.obj (.int10)

COMPARATORA 
*          0    0000fff6    00000002     
                  0000fff6    00000002     rts430_eabi.lib : int11.obj (.int11)

TIMER1_A1 
*          0    0000fff8    00000002     
                  0000fff8    00000002     rts430_eabi.lib : int12.obj (.int12)

TIMER1_A0 
*          0    0000fffa    00000002     
                  0000fffa    00000002     rts430_eabi.lib : int13.obj (.int13)

NMI        0    0000fffc    00000002     
                  0000fffc    00000002     rts430_eabi.lib : int14.obj (.int14)

.reset     0    0000fffe    00000002     
                  0000fffe    00000002     rts430_eabi.lib : boot.obj (.reset)

MODULE SUMMARY

       Module                     code   ro data   rw data
       ------                     ----   -------   -------
    .\
       uart.obj                   606    17        18     
       util.obj                   532    74        0      
       drivermoteur.obj           286    2         4      
       main.obj                   272    0         6      
       spi2553.obj                186    0         16     
       ADC.obj                    22     0         0      
       capteurInfrarouge.obj      18     0         0      
    +--+--------------------------+------+---------+---------+
       Total:                     1922   93        44     
                                                          
    C:\Program Files (x86)\ti\ccsv7\ccsv7\tools\compiler\ti-cgt-msp430_16.9.4.LTS\lib\rts430_eabi.lib
       ctype.obj                  0      257       0      
       copy_decompress_lzss.obj   124    0         0      
       autoinit.obj               110    0         0      
       cpy_tbl.obj                90     0         0      
       div32u.obj                 88     0         0      
       atoi.obj                   82     0         0      
       lsr16.obj                  76     0         0      
       lsl16.obj                  44     0         0      
       boot_special.obj           26     0         0      
       copy_zero_init.obj         20     0         0      
       mult16.obj                 20     0         0      
       copy_decompress_none.obj   18     0         0      
       memcpy.obj                 18     0         0      
       epilog.obj                 16     0         0      
       isr_trap.obj               8      0         0      
       exit.obj                   6      0         0      
       pre_init.obj               4      0         0      
       boot.obj                   0      2         0      
       int00.obj                  0      2         0      
       int02.obj                  0      2         0      
       int05.obj                  0      2         0      
       int06.obj                  0      2         0      
       int08.obj                  0      2         0      
       int09.obj                  0      2         0      
       int10.obj                  0      2         0      
       int11.obj                  0      2         0      
       int12.obj                  0      2         0      
       int13.obj                  0      2         0      
       int14.obj                  0      2         0      
       startup.obj                2      0         0      
    +--+--------------------------+------+---------+---------+
       Total:                     752    281       0      
                                                          
       Stack:                     0      0         80     
       Linker Generated:          0      29        0      
    +--+--------------------------+------+---------+---------+
       Grand Total:               2674   403       124    


LINKER GENERATED COPY TABLES

__TI_cinit_table @ 0000cbe4 records: 2, size/record: 4, table size: 8
	.data: load addr=0000cbce, load size=0000000b bytes, run addr=00000220, run size=0000000c bytes, compression=lzss
	.bss: load addr=0000cbe0, load size=00000004 bytes, run addr=00000200, run size=00000020 bytes, compression=zero_init


LINKER GENERATED HANDLER TABLE

__TI_handler_table @ 0000cbda records: 3, size/record: 2, table size: 6
	index: 0, handler: __TI_zero_init
	index: 1, handler: __TI_decompress_lzss
	index: 2, handler: __TI_decompress_none


GLOBAL SYMBOLS: SORTED ALPHABETICALLY BY Name 

address   name                    
-------   ----                    
0000004a  ADC10AE0                
000001b0  ADC10CTL0               
000001b2  ADC10CTL1               
00000048  ADC10DTC0               
00000049  ADC10DTC1               
000001b4  ADC10MEM                
000001bc  ADC10SA                 
0000c998  ADC_init                
00000057  BCSCTL1                 
00000058  BCSCTL2                 
00000053  BCSCTL3                 
0000ca66  C$$EXIT                 
00000059  CACTL1                  
0000005a  CACTL2                  
000010fb  CALBC1_12MHZ            
000010f9  CALBC1_16MHZ            
000010ff  CALBC1_1MHZ             
000010fd  CALBC1_8MHZ             
000010fa  CALDCO_12MHZ            
000010f8  CALDCO_16MHZ            
000010fe  CALDCO_1MHZ             
000010fc  CALDCO_8MHZ             
0000005b  CAPD                    
00000056  DCOCTL                  
00000128  FCTL1                   
0000012a  FCTL2                   
0000012c  FCTL3                   
00000000  IE1                     
00000001  IE2                     
00000002  IFG1                    
00000003  IFG2                    
0000c646  InitUART                
0000c480  Init_SPI                
00000022  P1DIR                   
00000025  P1IE                    
00000024  P1IES                   
00000023  P1IFG                   
00000020  P1IN                    
00000021  P1OUT                   
00000027  P1REN                   
00000026  P1SEL                   
00000041  P1SEL2                  
0000002a  P2DIR                   
0000002d  P2IE                    
0000002c  P2IES                   
0000002b  P2IFG                   
00000028  P2IN                    
00000029  P2OUT                   
0000002f  P2REN                   
0000002e  P2SEL                   
00000042  P2SEL2                  
0000001a  P3DIR                   
00000018  P3IN                    
00000019  P3OUT                   
00000010  P3REN                   
0000001b  P3SEL                   
00000043  P3SEL2                  
0000c8f4  PORT2_ISR               
00000172  TA0CCR0                 
00000174  TA0CCR1                 
00000176  TA0CCR2                 
00000162  TA0CCTL0                
00000164  TA0CCTL1                
00000166  TA0CCTL2                
00000160  TA0CTL                  
0000012e  TA0IV                   
00000170  TA0R                    
00000192  TA1CCR0                 
00000194  TA1CCR1                 
00000196  TA1CCR2                 
00000182  TA1CCTL0                
00000184  TA1CCTL1                
00000186  TA1CCTL2                
00000180  TA1CTL                  
0000011e  TA1IV                   
00000190  TA1R                    
000010db  TLV_ADC10_1_LEN         
000010da  TLV_ADC10_1_TAG         
000010c0  TLV_CHECKSUM            
000010f7  TLV_DCO_30_LEN          
000010f6  TLV_DCO_30_TAG          
0000ca30  TXdata                  
0000005d  UCA0ABCTL               
00000062  UCA0BR0                 
00000063  UCA0BR1                 
00000060  UCA0CTL0                
00000061  UCA0CTL1                
0000005f  UCA0IRRCTL              
0000005e  UCA0IRTCTL              
00000064  UCA0MCTL                
00000066  UCA0RXBUF               
00000065  UCA0STAT                
00000067  UCA0TXBUF               
0000006a  UCB0BR0                 
0000006b  UCB0BR1                 
00000068  UCB0CTL0                
00000069  UCB0CTL1                
0000006c  UCB0I2CIE               
00000118  UCB0I2COA               
0000011a  UCB0I2CSA               
0000006e  UCB0RXBUF               
0000006d  UCB0STAT                
0000006f  UCB0TXBUF               
0000c5ba  USCI0RX_ISR             
00000120  WDTCTL                  
00000400  __STACK_END             
00000050  __STACK_SIZE            
UNDEFED   __TI_BINIT_Base         
UNDEFED   __TI_BINIT_Limit        
0000cbe4  __TI_CINIT_Base         
0000cbec  __TI_CINIT_Limit        
0000cbda  __TI_Handler_Table_Base 
0000cbe0  __TI_Handler_Table_Limit
UNDEFED   __TI_INITARRAY_Base     
UNDEFED   __TI_INITARRAY_Limit    
0000ca5e  __TI_ISR_TRAP           
0000c214  __TI_decompress_lzss    
0000c9ea  __TI_decompress_none    
0000ffe0  __TI_int00              
0000ffe4  __TI_int02              
0000ffe6  __TI_int03              
0000ffea  __TI_int05              
0000ffec  __TI_int06              
0000ffee  __TI_int07              
0000fff0  __TI_int08              
0000fff2  __TI_int09              
0000fff4  __TI_int10              
0000fff6  __TI_int11              
0000fff8  __TI_int12              
0000fffa  __TI_int13              
0000fffc  __TI_int14              
ffffffff  __TI_pprof_out_hndl     
ffffffff  __TI_prof_data_size     
ffffffff  __TI_prof_data_start    
0000c9c2  __TI_zero_init          
ffffffff  __c_args__              
0000c428  __mspabi_divul          
0000ca2c  __mspabi_func_epilog_1  
0000ca2a  __mspabi_func_epilog_2  
0000ca28  __mspabi_func_epilog_3  
0000ca26  __mspabi_func_epilog_4  
0000ca24  __mspabi_func_epilog_5  
0000ca22  __mspabi_func_epilog_6  
0000ca20  __mspabi_func_epilog_7  
0000c9d6  __mspabi_mpyi           
0000c9d6  __mspabi_mpyi_sw        
0000c428  __mspabi_remul          
0000c84e  __mspabi_slli           
0000c876  __mspabi_slli_1         
0000c864  __mspabi_slli_10        
0000c862  __mspabi_slli_11        
0000c860  __mspabi_slli_12        
0000c85e  __mspabi_slli_13        
0000c85c  __mspabi_slli_14        
0000c85a  __mspabi_slli_15        
0000c874  __mspabi_slli_2         
0000c872  __mspabi_slli_3         
0000c870  __mspabi_slli_4         
0000c86e  __mspabi_slli_5         
0000c86c  __mspabi_slli_6         
0000c86a  __mspabi_slli_7         
0000c868  __mspabi_slli_8         
0000c866  __mspabi_slli_9         
0000c526  __mspabi_srli           
0000c56c  __mspabi_srli_1         
0000c548  __mspabi_srli_10        
0000c544  __mspabi_srli_11        
0000c540  __mspabi_srli_12        
0000c53c  __mspabi_srli_13        
0000c538  __mspabi_srli_14        
0000c534  __mspabi_srli_15        
0000c568  __mspabi_srli_2         
0000c564  __mspabi_srli_3         
0000c560  __mspabi_srli_4         
0000c55c  __mspabi_srli_5         
0000c558  __mspabi_srli_6         
0000c554  __mspabi_srli_7         
0000c550  __mspabi_srli_8         
0000c54c  __mspabi_srli_9         
0000c290  _auto_init              
0000c94e  _c_int00_noargs_noexit  
0000ca72  _ctypes_                
0000fffe  _reset_vector           
000003b0  _stack                  
0000ca70  _system_post_cinit      
0000ca6c  _system_pre_init        
0000ca66  abort                   
0000c8a4  ack                     
0000c000  anviluart               
0000c4d4  atoi                    
0000c968  avancer                 
0000c9ae  changemode              
0000c3ce  copy_in                 
0000c708  delay                   
0000ca3c  droite                  
0000c0e8  forge                   
00000222  freq                    
0000ca48  gauche                  
0000022a  indexrxbufferuart       
0000c7ba  iniboard                
0000c9fc  initInfrarouge          
0000c2fe  initmoteur              
0000c68a  interpreteuruart        
0000c18e  itoad                   
0000c912  led                     
0000c780  led1                    
0000c6ca  ledspi                  
0000c572  main                    
0000ca0e  memcpy                  
00000224  mode                    
0000c8cc  nak                     
00000220  onoffled1               
0000c7ec  pong                    
0000c930  raztrameuart            
0000c980  reculer                 
00000200  rxtrameuart             
0000c744  send_SPI                
0000c87a  sendspichar             
0000c366  slot                    
0000ca54  stop                    
0000c81e  substringsemicolon      
0000c600  testmoteur              
00000210  trametx_SPI             
00000228  valdroite               
00000226  valgauche               


GLOBAL SYMBOLS: SORTED BY Symbol Address 

address   name                    
-------   ----                    
00000000  IE1                     
00000001  IE2                     
00000002  IFG1                    
00000003  IFG2                    
00000010  P3REN                   
00000018  P3IN                    
00000019  P3OUT                   
0000001a  P3DIR                   
0000001b  P3SEL                   
00000020  P1IN                    
00000021  P1OUT                   
00000022  P1DIR                   
00000023  P1IFG                   
00000024  P1IES                   
00000025  P1IE                    
00000026  P1SEL                   
00000027  P1REN                   
00000028  P2IN                    
00000029  P2OUT                   
0000002a  P2DIR                   
0000002b  P2IFG                   
0000002c  P2IES                   
0000002d  P2IE                    
0000002e  P2SEL                   
0000002f  P2REN                   
00000041  P1SEL2                  
00000042  P2SEL2                  
00000043  P3SEL2                  
00000048  ADC10DTC0               
00000049  ADC10DTC1               
0000004a  ADC10AE0                
00000050  __STACK_SIZE            
00000053  BCSCTL3                 
00000056  DCOCTL                  
00000057  BCSCTL1                 
00000058  BCSCTL2                 
00000059  CACTL1                  
0000005a  CACTL2                  
0000005b  CAPD                    
0000005d  UCA0ABCTL               
0000005e  UCA0IRTCTL              
0000005f  UCA0IRRCTL              
00000060  UCA0CTL0                
00000061  UCA0CTL1                
00000062  UCA0BR0                 
00000063  UCA0BR1                 
00000064  UCA0MCTL                
00000065  UCA0STAT                
00000066  UCA0RXBUF               
00000067  UCA0TXBUF               
00000068  UCB0CTL0                
00000069  UCB0CTL1                
0000006a  UCB0BR0                 
0000006b  UCB0BR1                 
0000006c  UCB0I2CIE               
0000006d  UCB0STAT                
0000006e  UCB0RXBUF               
0000006f  UCB0TXBUF               
00000118  UCB0I2COA               
0000011a  UCB0I2CSA               
0000011e  TA1IV                   
00000120  WDTCTL                  
00000128  FCTL1                   
0000012a  FCTL2                   
0000012c  FCTL3                   
0000012e  TA0IV                   
00000160  TA0CTL                  
00000162  TA0CCTL0                
00000164  TA0CCTL1                
00000166  TA0CCTL2                
00000170  TA0R                    
00000172  TA0CCR0                 
00000174  TA0CCR1                 
00000176  TA0CCR2                 
00000180  TA1CTL                  
00000182  TA1CCTL0                
00000184  TA1CCTL1                
00000186  TA1CCTL2                
00000190  TA1R                    
00000192  TA1CCR0                 
00000194  TA1CCR1                 
00000196  TA1CCR2                 
000001b0  ADC10CTL0               
000001b2  ADC10CTL1               
000001b4  ADC10MEM                
000001bc  ADC10SA                 
00000200  rxtrameuart             
00000210  trametx_SPI             
00000220  onoffled1               
00000222  freq                    
00000224  mode                    
00000226  valgauche               
00000228  valdroite               
0000022a  indexrxbufferuart       
000003b0  _stack                  
00000400  __STACK_END             
000010c0  TLV_CHECKSUM            
000010da  TLV_ADC10_1_TAG         
000010db  TLV_ADC10_1_LEN         
000010f6  TLV_DCO_30_TAG          
000010f7  TLV_DCO_30_LEN          
000010f8  CALDCO_16MHZ            
000010f9  CALBC1_16MHZ            
000010fa  CALDCO_12MHZ            
000010fb  CALBC1_12MHZ            
000010fc  CALDCO_8MHZ             
000010fd  CALBC1_8MHZ             
000010fe  CALDCO_1MHZ             
000010ff  CALBC1_1MHZ             
0000c000  anviluart               
0000c0e8  forge                   
0000c18e  itoad                   
0000c214  __TI_decompress_lzss    
0000c290  _auto_init              
0000c2fe  initmoteur              
0000c366  slot                    
0000c3ce  copy_in                 
0000c428  __mspabi_divul          
0000c428  __mspabi_remul          
0000c480  Init_SPI                
0000c4d4  atoi                    
0000c526  __mspabi_srli           
0000c534  __mspabi_srli_15        
0000c538  __mspabi_srli_14        
0000c53c  __mspabi_srli_13        
0000c540  __mspabi_srli_12        
0000c544  __mspabi_srli_11        
0000c548  __mspabi_srli_10        
0000c54c  __mspabi_srli_9         
0000c550  __mspabi_srli_8         
0000c554  __mspabi_srli_7         
0000c558  __mspabi_srli_6         
0000c55c  __mspabi_srli_5         
0000c560  __mspabi_srli_4         
0000c564  __mspabi_srli_3         
0000c568  __mspabi_srli_2         
0000c56c  __mspabi_srli_1         
0000c572  main                    
0000c5ba  USCI0RX_ISR             
0000c600  testmoteur              
0000c646  InitUART                
0000c68a  interpreteuruart        
0000c6ca  ledspi                  
0000c708  delay                   
0000c744  send_SPI                
0000c780  led1                    
0000c7ba  iniboard                
0000c7ec  pong                    
0000c81e  substringsemicolon      
0000c84e  __mspabi_slli           
0000c85a  __mspabi_slli_15        
0000c85c  __mspabi_slli_14        
0000c85e  __mspabi_slli_13        
0000c860  __mspabi_slli_12        
0000c862  __mspabi_slli_11        
0000c864  __mspabi_slli_10        
0000c866  __mspabi_slli_9         
0000c868  __mspabi_slli_8         
0000c86a  __mspabi_slli_7         
0000c86c  __mspabi_slli_6         
0000c86e  __mspabi_slli_5         
0000c870  __mspabi_slli_4         
0000c872  __mspabi_slli_3         
0000c874  __mspabi_slli_2         
0000c876  __mspabi_slli_1         
0000c87a  sendspichar             
0000c8a4  ack                     
0000c8cc  nak                     
0000c8f4  PORT2_ISR               
0000c912  led                     
0000c930  raztrameuart            
0000c94e  _c_int00_noargs_noexit  
0000c968  avancer                 
0000c980  reculer                 
0000c998  ADC_init                
0000c9ae  changemode              
0000c9c2  __TI_zero_init          
0000c9d6  __mspabi_mpyi           
0000c9d6  __mspabi_mpyi_sw        
0000c9ea  __TI_decompress_none    
0000c9fc  initInfrarouge          
0000ca0e  memcpy                  
0000ca20  __mspabi_func_epilog_7  
0000ca22  __mspabi_func_epilog_6  
0000ca24  __mspabi_func_epilog_5  
0000ca26  __mspabi_func_epilog_4  
0000ca28  __mspabi_func_epilog_3  
0000ca2a  __mspabi_func_epilog_2  
0000ca2c  __mspabi_func_epilog_1  
0000ca30  TXdata                  
0000ca3c  droite                  
0000ca48  gauche                  
0000ca54  stop                    
0000ca5e  __TI_ISR_TRAP           
0000ca66  C$$EXIT                 
0000ca66  abort                   
0000ca6c  _system_pre_init        
0000ca70  _system_post_cinit      
0000ca72  _ctypes_                
0000cbda  __TI_Handler_Table_Base 
0000cbe0  __TI_Handler_Table_Limit
0000cbe4  __TI_CINIT_Base         
0000cbec  __TI_CINIT_Limit        
0000ffe0  __TI_int00              
0000ffe4  __TI_int02              
0000ffe6  __TI_int03              
0000ffea  __TI_int05              
0000ffec  __TI_int06              
0000ffee  __TI_int07              
0000fff0  __TI_int08              
0000fff2  __TI_int09              
0000fff4  __TI_int10              
0000fff6  __TI_int11              
0000fff8  __TI_int12              
0000fffa  __TI_int13              
0000fffc  __TI_int14              
0000fffe  _reset_vector           
ffffffff  __TI_pprof_out_hndl     
ffffffff  __TI_prof_data_size     
ffffffff  __TI_prof_data_start    
ffffffff  __c_args__              
UNDEFED   __TI_BINIT_Base         
UNDEFED   __TI_BINIT_Limit        
UNDEFED   __TI_INITARRAY_Base     
UNDEFED   __TI_INITARRAY_Limit    

[225 symbols]
