******************************************************************************
                  MSP430 Linker PC v16.9.4                     
******************************************************************************
>> Linked Thu Mar 15 11:51:44 2018

OUTPUT FILE NAME:   <codemsp2553.out>
ENTRY POINT SYMBOL: "_c_int00_noargs_noexit"  address: 0000ca84


MEMORY CONFIGURATION

         name            origin    length      used     unused   attr    fill
----------------------  --------  ---------  --------  --------  ----  --------
  SFR                   00000000   00000010  00000000  00000010  RWIX
  PERIPHERALS_8BIT      00000010   000000f0  00000000  000000f0  RWIX
  PERIPHERALS_16BIT     00000100   00000100  00000000  00000100  RWIX
  RAM                   00000200   00000200  0000007c  00000184  RWIX
  INFOD                 00001000   00000040  00000000  00000040  RWIX
  INFOC                 00001040   00000040  00000000  00000040  RWIX
  INFOB                 00001080   00000040  00000000  00000040  RWIX
  INFOA                 000010c0   00000040  00000000  00000040  RWIX
  FLASH                 0000c000   00003fde  00000d0e  000032d0  RWIX
  BSLSIGNATURE          0000ffde   00000002  00000002  00000000  RWIX  ffff 
  INT00                 0000ffe0   00000002  00000002  00000000  RWIX
  INT01                 0000ffe2   00000002  00000000  00000002  RWIX
  INT02                 0000ffe4   00000002  00000002  00000000  RWIX
  INT03                 0000ffe6   00000002  00000002  00000000  RWIX
  INT04                 0000ffe8   00000002  00000000  00000002  RWIX
  INT05                 0000ffea   00000002  00000002  00000000  RWIX
  INT06                 0000ffec   00000002  00000002  00000000  RWIX
  INT07                 0000ffee   00000002  00000002  00000000  RWIX
  INT08                 0000fff0   00000002  00000002  00000000  RWIX
  INT09                 0000fff2   00000002  00000002  00000000  RWIX
  INT10                 0000fff4   00000002  00000002  00000000  RWIX
  INT11                 0000fff6   00000002  00000002  00000000  RWIX
  INT12                 0000fff8   00000002  00000002  00000000  RWIX
  INT13                 0000fffa   00000002  00000002  00000000  RWIX
  INT14                 0000fffc   00000002  00000002  00000000  RWIX
  RESET                 0000fffe   00000002  00000002  00000000  RWIX


SECTION ALLOCATION MAP

 output                                  attributes/
section   page    origin      length       input sections
--------  ----  ----------  ----------   ----------------
.bss       0    00000200    00000020     UNINITIALIZED
                  00000200    00000010     (.common:rxtrameuart)
                  00000210    00000010     (.common:trametx_SPI)

.data      0    00000220    0000000c     UNINITIALIZED
                  00000220    00000006     main.obj (.data)
                  00000226    00000004     drivermoteur.obj (.data)
                  0000022a    00000002     uart.obj (.data)

.stack     0    000003b0    00000050     UNINITIALIZED
                  000003b0    00000002     rts430_eabi.lib : boot.obj (.stack)
                  000003b2    0000004e     --HOLE--

.text      0    0000c000    00000b94     
                  0000c000    00000102     main.obj (.text:main)
                  0000c102    000000e8     uart.obj (.text:anviluart)
                  0000c1ea    000000a6     util.obj (.text:forge)
                  0000c290    00000086     util.obj (.text:itoad)
                  0000c316    0000007c     rts430_eabi.lib : copy_decompress_lzss.obj (.text:decompress:lzss:__TI_decompress_lzss)
                  0000c392    0000006e                     : autoinit.obj (.text:_auto_init)
                  0000c400    00000068     drivermoteur.obj (.text:initmoteur)
                  0000c468    00000068     util.obj (.text:slot)
                  0000c4d0    0000005a     rts430_eabi.lib : cpy_tbl.obj (.text:copy_in)
                  0000c52a    00000058                     : div32u.obj (.text)
                  0000c582    00000054     spi2553.obj (.text:Init_SPI)
                  0000c5d6    00000052     rts430_eabi.lib : atoi.obj (.text:atoi)
                  0000c628    0000004c                     : lsr16.obj (.text)
                  0000c674    00000046     uart.obj (.text:USCI0RX_ISR)
                  0000c6ba    00000046     drivermoteur.obj (.text:testmoteur)
                  0000c700    00000044     uart.obj (.text:InitUART)
                  0000c744    00000042     scan.obj (.text:scanner)
                  0000c786    00000040     uart.obj (.text:interpreteuruart)
                  0000c7c6    0000003e     main.obj (.text:ledspi)
                  0000c804    0000003c     util.obj (.text:delay)
                  0000c840    0000003c     spi2553.obj (.text:send_SPI)
                  0000c87c    0000003a     main.obj (.text:led1)
                  0000c8b6    00000032     uart.obj (.text:pong)
                  0000c8e8    00000030     util.obj (.text:substringsemicolon)
                  0000c918    0000002c     rts430_eabi.lib : lsl16.obj (.text)
                  0000c944    00000028     uart.obj (.text:ack)
                  0000c96c    00000028     uart.obj (.text:nak)
                  0000c994    00000026     drivermoteur.obj (.text:droiteauto)
                  0000c9ba    00000026     drivermoteur.obj (.text:gaucheauto)
                  0000c9e0    00000026     scan.obj (.text:positionservo)
                  0000ca06    00000024     spi2553.obj (.text:sendspichar)
                  0000ca2a    0000001e     drivermoteur.obj (.text:PORT2_ISR)
                  0000ca48    0000001e     main.obj (.text:led)
                  0000ca66    0000001e     uart.obj (.text:raztrameuart)
                  0000ca84    0000001a     rts430_eabi.lib : boot_special.obj (.text:_c_int00_noargs_noexit)
                  0000ca9e    00000018     drivermoteur.obj (.text:avancer)
                  0000cab6    00000018     drivermoteur.obj (.text:reculer)
                  0000cace    00000014     util.obj (.text:changemode)
                  0000cae2    00000014     rts430_eabi.lib : copy_zero_init.obj (.text:decompress:ZI:__TI_zero_init)
                  0000caf6    00000014                     : memset.obj (.text:memset)
                  0000cb0a    00000014                     : mult16.obj (.text)
                  0000cb1e    00000012                     : copy_decompress_none.obj (.text:decompress:none:__TI_decompress_none)
                  0000cb30    00000012                     : memcpy.obj (.text:memcpy)
                  0000cb42    00000010                     : epilog.obj (.text)
                  0000cb52    0000000c     uart.obj (.text:TXdata)
                  0000cb5e    0000000c     drivermoteur.obj (.text:droite)
                  0000cb6a    0000000c     drivermoteur.obj (.text:gauche)
                  0000cb76    0000000a     drivermoteur.obj (.text:stop)
                  0000cb80    00000008     rts430_eabi.lib : isr_trap.obj (.text:_isr:__TI_ISR_TRAP)
                  0000cb88    00000006                     : exit.obj (.text:abort)
                  0000cb8e    00000004                     : pre_init.obj (.text:_system_pre_init)
                  0000cb92    00000002                     : startup.obj (.text:_system_post_cinit)

.binit     0    0000c000    00000000     

.const     0    0000cb94    0000015c     
                  0000cb94    00000101     rts430_eabi.lib : ctype.obj (.const:.string:_ctypes_)
                  0000cc95    00000001     --HOLE-- [fill = 0]
                  0000cc96    0000004a     util.obj (.const:.string)
                  0000cce0    00000005     uart.obj (.const:.string:$P$T0$1)
                  0000cce5    00000001     --HOLE-- [fill = 0]
                  0000cce6    00000004     uart.obj (.const:.string:$P$T1$2)
                  0000ccea    00000004     uart.obj (.const:.string:$P$T2$3)
                  0000ccee    00000002     uart.obj (.const:.string)

.cinit     0    0000ccf0    0000001e     
                  0000ccf0    0000000b     (.cinit..data.load) [load image, compression = lzss]
                  0000ccfb    00000001     --HOLE-- [fill = 0]
                  0000ccfc    00000006     (__TI_handler_table)
                  0000cd02    00000004     (.cinit..bss.load) [load image, compression = zero_init]
                  0000cd06    00000008     (__TI_cinit_table)

.init_array 
*          0    0000c000    00000000     UNINITIALIZED

TRAPINT    0    0000ffe0    00000002     
                  0000ffe0    00000002     rts430_eabi.lib : int00.obj (.int00)

PORT1      0    0000ffe4    00000002     
                  0000ffe4    00000002     rts430_eabi.lib : int02.obj (.int02)

PORT2      0    0000ffe6    00000002     
                  0000ffe6    00000002     drivermoteur.obj (.int03)

$fill000   0    0000ffde    00000002     
                  0000ffde    00000002     --HOLE-- [fill = ffff]

ADC10      0    0000ffea    00000002     
                  0000ffea    00000002     rts430_eabi.lib : int05.obj (.int05)

USCIAB0TX 
*          0    0000ffec    00000002     
                  0000ffec    00000002     rts430_eabi.lib : int06.obj (.int06)

USCIAB0RX 
*          0    0000ffee    00000002     
                  0000ffee    00000002     uart.obj (.int07)

TIMER0_A1 
*          0    0000fff0    00000002     
                  0000fff0    00000002     rts430_eabi.lib : int08.obj (.int08)

TIMER0_A0 
*          0    0000fff2    00000002     
                  0000fff2    00000002     rts430_eabi.lib : int09.obj (.int09)

WDT        0    0000fff4    00000002     
                  0000fff4    00000002     rts430_eabi.lib : int10.obj (.int10)

COMPARATORA 
*          0    0000fff6    00000002     
                  0000fff6    00000002     rts430_eabi.lib : int11.obj (.int11)

TIMER1_A1 
*          0    0000fff8    00000002     
                  0000fff8    00000002     rts430_eabi.lib : int12.obj (.int12)

TIMER1_A0 
*          0    0000fffa    00000002     
                  0000fffa    00000002     rts430_eabi.lib : int13.obj (.int13)

NMI        0    0000fffc    00000002     
                  0000fffc    00000002     rts430_eabi.lib : int14.obj (.int14)

.reset     0    0000fffe    00000002     
                  0000fffe    00000002     rts430_eabi.lib : boot.obj (.reset)

MODULE SUMMARY

       Module                     code   ro data   rw data
       ------                     ----   -------   -------
    .\
       uart.obj                   606    17        18     
       util.obj                   532    74        0      
       main.obj                   408    0         6      
       drivermoteur.obj           362    2         4      
       spi2553.obj                180    0         16     
       scan.obj                   104    0         0      
    +--+--------------------------+------+---------+---------+
       Total:                     2192   93        44     
                                                          
    C:\Program Files (x86)\ti\ccsv7\ccsv7\tools\compiler\ti-cgt-msp430_16.9.4.LTS\lib\rts430_eabi.lib
       ctype.obj                  0      257       0      
       copy_decompress_lzss.obj   124    0         0      
       autoinit.obj               110    0         0      
       cpy_tbl.obj                90     0         0      
       div32u.obj                 88     0         0      
       atoi.obj                   82     0         0      
       lsr16.obj                  76     0         0      
       lsl16.obj                  44     0         0      
       boot_special.obj           26     0         0      
       copy_zero_init.obj         20     0         0      
       memset.obj                 20     0         0      
       mult16.obj                 20     0         0      
       copy_decompress_none.obj   18     0         0      
       memcpy.obj                 18     0         0      
       epilog.obj                 16     0         0      
       isr_trap.obj               8      0         0      
       exit.obj                   6      0         0      
       pre_init.obj               4      0         0      
       boot.obj                   0      2         0      
       int00.obj                  0      2         0      
       int02.obj                  0      2         0      
       int05.obj                  0      2         0      
       int06.obj                  0      2         0      
       int08.obj                  0      2         0      
       int09.obj                  0      2         0      
       int10.obj                  0      2         0      
       int11.obj                  0      2         0      
       int12.obj                  0      2         0      
       int13.obj                  0      2         0      
       int14.obj                  0      2         0      
       startup.obj                2      0         0      
    +--+--------------------------+------+---------+---------+
       Total:                     772    281       0      
                                                          
       Stack:                     0      0         80     
       Linker Generated:          0      29        0      
    +--+--------------------------+------+---------+---------+
       Grand Total:               2964   403       124    


LINKER GENERATED COPY TABLES

__TI_cinit_table @ 0000cd06 records: 2, size/record: 4, table size: 8
	.data: load addr=0000ccf0, load size=0000000b bytes, run addr=00000220, run size=0000000c bytes, compression=lzss
	.bss: load addr=0000cd02, load size=00000004 bytes, run addr=00000200, run size=00000020 bytes, compression=zero_init


LINKER GENERATED HANDLER TABLE

__TI_handler_table @ 0000ccfc records: 3, size/record: 2, table size: 6
	index: 0, handler: __TI_zero_init
	index: 1, handler: __TI_decompress_lzss
	index: 2, handler: __TI_decompress_none


GLOBAL SYMBOLS: SORTED ALPHABETICALLY BY Name 

address   name                    
-------   ----                    
0000004a  ADC10AE0                
000001b0  ADC10CTL0               
000001b2  ADC10CTL1               
00000048  ADC10DTC0               
00000049  ADC10DTC1               
000001b4  ADC10MEM                
000001bc  ADC10SA                 
00000057  BCSCTL1                 
00000058  BCSCTL2                 
00000053  BCSCTL3                 
0000cb88  C$$EXIT                 
00000059  CACTL1                  
0000005a  CACTL2                  
000010fb  CALBC1_12MHZ            
000010f9  CALBC1_16MHZ            
000010ff  CALBC1_1MHZ             
000010fd  CALBC1_8MHZ             
000010fa  CALDCO_12MHZ            
000010f8  CALDCO_16MHZ            
000010fe  CALDCO_1MHZ             
000010fc  CALDCO_8MHZ             
0000005b  CAPD                    
00000056  DCOCTL                  
00000128  FCTL1                   
0000012a  FCTL2                   
0000012c  FCTL3                   
00000000  IE1                     
00000001  IE2                     
00000002  IFG1                    
00000003  IFG2                    
0000c700  InitUART                
0000c582  Init_SPI                
00000022  P1DIR                   
00000025  P1IE                    
00000024  P1IES                   
00000023  P1IFG                   
00000020  P1IN                    
00000021  P1OUT                   
00000027  P1REN                   
00000026  P1SEL                   
00000041  P1SEL2                  
0000002a  P2DIR                   
0000002d  P2IE                    
0000002c  P2IES                   
0000002b  P2IFG                   
00000028  P2IN                    
00000029  P2OUT                   
0000002f  P2REN                   
0000002e  P2SEL                   
00000042  P2SEL2                  
0000001a  P3DIR                   
00000018  P3IN                    
00000019  P3OUT                   
00000010  P3REN                   
0000001b  P3SEL                   
00000043  P3SEL2                  
0000ca2a  PORT2_ISR               
00000172  TA0CCR0                 
00000174  TA0CCR1                 
00000176  TA0CCR2                 
00000162  TA0CCTL0                
00000164  TA0CCTL1                
00000166  TA0CCTL2                
00000160  TA0CTL                  
0000012e  TA0IV                   
00000170  TA0R                    
00000192  TA1CCR0                 
00000194  TA1CCR1                 
00000196  TA1CCR2                 
00000182  TA1CCTL0                
00000184  TA1CCTL1                
00000186  TA1CCTL2                
00000180  TA1CTL                  
0000011e  TA1IV                   
00000190  TA1R                    
000010db  TLV_ADC10_1_LEN         
000010da  TLV_ADC10_1_TAG         
000010c0  TLV_CHECKSUM            
000010f7  TLV_DCO_30_LEN          
000010f6  TLV_DCO_30_TAG          
0000cb52  TXdata                  
0000005d  UCA0ABCTL               
00000062  UCA0BR0                 
00000063  UCA0BR1                 
00000060  UCA0CTL0                
00000061  UCA0CTL1                
0000005f  UCA0IRRCTL              
0000005e  UCA0IRTCTL              
00000064  UCA0MCTL                
00000066  UCA0RXBUF               
00000065  UCA0STAT                
00000067  UCA0TXBUF               
0000006a  UCB0BR0                 
0000006b  UCB0BR1                 
00000068  UCB0CTL0                
00000069  UCB0CTL1                
0000006c  UCB0I2CIE               
00000118  UCB0I2COA               
0000011a  UCB0I2CSA               
0000006e  UCB0RXBUF               
0000006d  UCB0STAT                
0000006f  UCB0TXBUF               
0000c674  USCI0RX_ISR             
00000120  WDTCTL                  
00000400  __STACK_END             
00000050  __STACK_SIZE            
UNDEFED   __TI_BINIT_Base         
UNDEFED   __TI_BINIT_Limit        
0000cd06  __TI_CINIT_Base         
0000cd0e  __TI_CINIT_Limit        
0000ccfc  __TI_Handler_Table_Base 
0000cd02  __TI_Handler_Table_Limit
UNDEFED   __TI_INITARRAY_Base     
UNDEFED   __TI_INITARRAY_Limit    
0000cb80  __TI_ISR_TRAP           
0000c316  __TI_decompress_lzss    
0000cb1e  __TI_decompress_none    
0000ffe0  __TI_int00              
0000ffe4  __TI_int02              
0000ffe6  __TI_int03              
0000ffea  __TI_int05              
0000ffec  __TI_int06              
0000ffee  __TI_int07              
0000fff0  __TI_int08              
0000fff2  __TI_int09              
0000fff4  __TI_int10              
0000fff6  __TI_int11              
0000fff8  __TI_int12              
0000fffa  __TI_int13              
0000fffc  __TI_int14              
ffffffff  __TI_pprof_out_hndl     
ffffffff  __TI_prof_data_size     
ffffffff  __TI_prof_data_start    
0000cae2  __TI_zero_init          
ffffffff  __c_args__              
0000c52a  __mspabi_divul          
0000cb4e  __mspabi_func_epilog_1  
0000cb4c  __mspabi_func_epilog_2  
0000cb4a  __mspabi_func_epilog_3  
0000cb48  __mspabi_func_epilog_4  
0000cb46  __mspabi_func_epilog_5  
0000cb44  __mspabi_func_epilog_6  
0000cb42  __mspabi_func_epilog_7  
0000cb0a  __mspabi_mpyi           
0000cb0a  __mspabi_mpyi_sw        
0000c52a  __mspabi_remul          
0000c918  __mspabi_slli           
0000c940  __mspabi_slli_1         
0000c92e  __mspabi_slli_10        
0000c92c  __mspabi_slli_11        
0000c92a  __mspabi_slli_12        
0000c928  __mspabi_slli_13        
0000c926  __mspabi_slli_14        
0000c924  __mspabi_slli_15        
0000c93e  __mspabi_slli_2         
0000c93c  __mspabi_slli_3         
0000c93a  __mspabi_slli_4         
0000c938  __mspabi_slli_5         
0000c936  __mspabi_slli_6         
0000c934  __mspabi_slli_7         
0000c932  __mspabi_slli_8         
0000c930  __mspabi_slli_9         
0000c628  __mspabi_srli           
0000c66e  __mspabi_srli_1         
0000c64a  __mspabi_srli_10        
0000c646  __mspabi_srli_11        
0000c642  __mspabi_srli_12        
0000c63e  __mspabi_srli_13        
0000c63a  __mspabi_srli_14        
0000c636  __mspabi_srli_15        
0000c66a  __mspabi_srli_2         
0000c666  __mspabi_srli_3         
0000c662  __mspabi_srli_4         
0000c65e  __mspabi_srli_5         
0000c65a  __mspabi_srli_6         
0000c656  __mspabi_srli_7         
0000c652  __mspabi_srli_8         
0000c64e  __mspabi_srli_9         
0000c392  _auto_init              
0000ca84  _c_int00_noargs_noexit  
0000cb94  _ctypes_                
0000fffe  _reset_vector           
000003b0  _stack                  
0000cb92  _system_post_cinit      
0000cb8e  _system_pre_init        
0000cb88  abort                   
0000c944  ack                     
0000c102  anviluart               
0000c5d6  atoi                    
0000ca9e  avancer                 
0000cace  changemode              
0000c4d0  copy_in                 
0000c804  delay                   
0000cb5e  droite                  
0000c994  droiteauto              
0000c1ea  forge                   
00000222  freq                    
0000cb6a  gauche                  
0000c9ba  gaucheauto              
0000022a  indexrxbufferuart       
0000c400  initmoteur              
0000c786  interpreteuruart        
0000c290  itoad                   
0000ca48  led                     
0000c87c  led1                    
0000c7c6  ledspi                  
0000c000  main                    
0000cb30  memcpy                  
0000caf6  memset                  
00000224  mode                    
0000c96c  nak                     
00000220  onoffled1               
0000c8b6  pong                    
0000c9e0  positionservo           
0000ca66  raztrameuart            
0000cab6  reculer                 
00000200  rxtrameuart             
0000c744  scanner                 
0000c840  send_SPI                
0000ca06  sendspichar             
0000c468  slot                    
0000cb76  stop                    
0000c8e8  substringsemicolon      
0000c6ba  testmoteur              
00000210  trametx_SPI             
00000228  valdroite               
00000226  valgauche               


GLOBAL SYMBOLS: SORTED BY Symbol Address 

address   name                    
-------   ----                    
00000000  IE1                     
00000001  IE2                     
00000002  IFG1                    
00000003  IFG2                    
00000010  P3REN                   
00000018  P3IN                    
00000019  P3OUT                   
0000001a  P3DIR                   
0000001b  P3SEL                   
00000020  P1IN                    
00000021  P1OUT                   
00000022  P1DIR                   
00000023  P1IFG                   
00000024  P1IES                   
00000025  P1IE                    
00000026  P1SEL                   
00000027  P1REN                   
00000028  P2IN                    
00000029  P2OUT                   
0000002a  P2DIR                   
0000002b  P2IFG                   
0000002c  P2IES                   
0000002d  P2IE                    
0000002e  P2SEL                   
0000002f  P2REN                   
00000041  P1SEL2                  
00000042  P2SEL2                  
00000043  P3SEL2                  
00000048  ADC10DTC0               
00000049  ADC10DTC1               
0000004a  ADC10AE0                
00000050  __STACK_SIZE            
00000053  BCSCTL3                 
00000056  DCOCTL                  
00000057  BCSCTL1                 
00000058  BCSCTL2                 
00000059  CACTL1                  
0000005a  CACTL2                  
0000005b  CAPD                    
0000005d  UCA0ABCTL               
0000005e  UCA0IRTCTL              
0000005f  UCA0IRRCTL              
00000060  UCA0CTL0                
00000061  UCA0CTL1                
00000062  UCA0BR0                 
00000063  UCA0BR1                 
00000064  UCA0MCTL                
00000065  UCA0STAT                
00000066  UCA0RXBUF               
00000067  UCA0TXBUF               
00000068  UCB0CTL0                
00000069  UCB0CTL1                
0000006a  UCB0BR0                 
0000006b  UCB0BR1                 
0000006c  UCB0I2CIE               
0000006d  UCB0STAT                
0000006e  UCB0RXBUF               
0000006f  UCB0TXBUF               
00000118  UCB0I2COA               
0000011a  UCB0I2CSA               
0000011e  TA1IV                   
00000120  WDTCTL                  
00000128  FCTL1                   
0000012a  FCTL2                   
0000012c  FCTL3                   
0000012e  TA0IV                   
00000160  TA0CTL                  
00000162  TA0CCTL0                
00000164  TA0CCTL1                
00000166  TA0CCTL2                
00000170  TA0R                    
00000172  TA0CCR0                 
00000174  TA0CCR1                 
00000176  TA0CCR2                 
00000180  TA1CTL                  
00000182  TA1CCTL0                
00000184  TA1CCTL1                
00000186  TA1CCTL2                
00000190  TA1R                    
00000192  TA1CCR0                 
00000194  TA1CCR1                 
00000196  TA1CCR2                 
000001b0  ADC10CTL0               
000001b2  ADC10CTL1               
000001b4  ADC10MEM                
000001bc  ADC10SA                 
00000200  rxtrameuart             
00000210  trametx_SPI             
00000220  onoffled1               
00000222  freq                    
00000224  mode                    
00000226  valgauche               
00000228  valdroite               
0000022a  indexrxbufferuart       
000003b0  _stack                  
00000400  __STACK_END             
000010c0  TLV_CHECKSUM            
000010da  TLV_ADC10_1_TAG         
000010db  TLV_ADC10_1_LEN         
000010f6  TLV_DCO_30_TAG          
000010f7  TLV_DCO_30_LEN          
000010f8  CALDCO_16MHZ            
000010f9  CALBC1_16MHZ            
000010fa  CALDCO_12MHZ            
000010fb  CALBC1_12MHZ            
000010fc  CALDCO_8MHZ             
000010fd  CALBC1_8MHZ             
000010fe  CALDCO_1MHZ             
000010ff  CALBC1_1MHZ             
0000c000  main                    
0000c102  anviluart               
0000c1ea  forge                   
0000c290  itoad                   
0000c316  __TI_decompress_lzss    
0000c392  _auto_init              
0000c400  initmoteur              
0000c468  slot                    
0000c4d0  copy_in                 
0000c52a  __mspabi_divul          
0000c52a  __mspabi_remul          
0000c582  Init_SPI                
0000c5d6  atoi                    
0000c628  __mspabi_srli           
0000c636  __mspabi_srli_15        
0000c63a  __mspabi_srli_14        
0000c63e  __mspabi_srli_13        
0000c642  __mspabi_srli_12        
0000c646  __mspabi_srli_11        
0000c64a  __mspabi_srli_10        
0000c64e  __mspabi_srli_9         
0000c652  __mspabi_srli_8         
0000c656  __mspabi_srli_7         
0000c65a  __mspabi_srli_6         
0000c65e  __mspabi_srli_5         
0000c662  __mspabi_srli_4         
0000c666  __mspabi_srli_3         
0000c66a  __mspabi_srli_2         
0000c66e  __mspabi_srli_1         
0000c674  USCI0RX_ISR             
0000c6ba  testmoteur              
0000c700  InitUART                
0000c744  scanner                 
0000c786  interpreteuruart        
0000c7c6  ledspi                  
0000c804  delay                   
0000c840  send_SPI                
0000c87c  led1                    
0000c8b6  pong                    
0000c8e8  substringsemicolon      
0000c918  __mspabi_slli           
0000c924  __mspabi_slli_15        
0000c926  __mspabi_slli_14        
0000c928  __mspabi_slli_13        
0000c92a  __mspabi_slli_12        
0000c92c  __mspabi_slli_11        
0000c92e  __mspabi_slli_10        
0000c930  __mspabi_slli_9         
0000c932  __mspabi_slli_8         
0000c934  __mspabi_slli_7         
0000c936  __mspabi_slli_6         
0000c938  __mspabi_slli_5         
0000c93a  __mspabi_slli_4         
0000c93c  __mspabi_slli_3         
0000c93e  __mspabi_slli_2         
0000c940  __mspabi_slli_1         
0000c944  ack                     
0000c96c  nak                     
0000c994  droiteauto              
0000c9ba  gaucheauto              
0000c9e0  positionservo           
0000ca06  sendspichar             
0000ca2a  PORT2_ISR               
0000ca48  led                     
0000ca66  raztrameuart            
0000ca84  _c_int00_noargs_noexit  
0000ca9e  avancer                 
0000cab6  reculer                 
0000cace  changemode              
0000cae2  __TI_zero_init          
0000caf6  memset                  
0000cb0a  __mspabi_mpyi           
0000cb0a  __mspabi_mpyi_sw        
0000cb1e  __TI_decompress_none    
0000cb30  memcpy                  
0000cb42  __mspabi_func_epilog_7  
0000cb44  __mspabi_func_epilog_6  
0000cb46  __mspabi_func_epilog_5  
0000cb48  __mspabi_func_epilog_4  
0000cb4a  __mspabi_func_epilog_3  
0000cb4c  __mspabi_func_epilog_2  
0000cb4e  __mspabi_func_epilog_1  
0000cb52  TXdata                  
0000cb5e  droite                  
0000cb6a  gauche                  
0000cb76  stop                    
0000cb80  __TI_ISR_TRAP           
0000cb88  C$$EXIT                 
0000cb88  abort                   
0000cb8e  _system_pre_init        
0000cb92  _system_post_cinit      
0000cb94  _ctypes_                
0000ccfc  __TI_Handler_Table_Base 
0000cd02  __TI_Handler_Table_Limit
0000cd06  __TI_CINIT_Base         
0000cd0e  __TI_CINIT_Limit        
0000ffe0  __TI_int00              
0000ffe4  __TI_int02              
0000ffe6  __TI_int03              
0000ffea  __TI_int05              
0000ffec  __TI_int06              
0000ffee  __TI_int07              
0000fff0  __TI_int08              
0000fff2  __TI_int09              
0000fff4  __TI_int10              
0000fff6  __TI_int11              
0000fff8  __TI_int12              
0000fffa  __TI_int13              
0000fffc  __TI_int14              
0000fffe  _reset_vector           
ffffffff  __TI_pprof_out_hndl     
ffffffff  __TI_prof_data_size     
ffffffff  __TI_prof_data_start    
ffffffff  __c_args__              
UNDEFED   __TI_BINIT_Base         
UNDEFED   __TI_BINIT_Limit        
UNDEFED   __TI_INITARRAY_Base     
UNDEFED   __TI_INITARRAY_Limit    

[227 symbols]
